Component: Arm Compiler for Embedded 6.18 Tool: armlink [5e4cc100]

==============================================================================

Section Cross References

    startup_stm32f103xb.o(STACK) refers (Special) to heapauxi.o(.text) for __use_two_region_memory
    startup_stm32f103xb.o(HEAP) refers (Special) to heapauxi.o(.text) for __use_two_region_memory
    startup_stm32f103xb.o(RESET) refers (Special) to heapauxi.o(.text) for __use_two_region_memory
    startup_stm32f103xb.o(RESET) refers to startup_stm32f103xb.o(STACK) for __initial_sp
    startup_stm32f103xb.o(RESET) refers to startup_stm32f103xb.o(.text) for Reset_Handler
    startup_stm32f103xb.o(RESET) refers to stm32f1xx_it.o(.text.NMI_Handler) for NMI_Handler
    startup_stm32f103xb.o(RESET) refers to stm32f1xx_it.o(.text.HardFault_Handler) for HardFault_Handler
    startup_stm32f103xb.o(RESET) refers to stm32f1xx_it.o(.text.MemManage_Handler) for MemManage_Handler
    startup_stm32f103xb.o(RESET) refers to stm32f1xx_it.o(.text.BusFault_Handler) for BusFault_Handler
    startup_stm32f103xb.o(RESET) refers to stm32f1xx_it.o(.text.UsageFault_Handler) for UsageFault_Handler
    startup_stm32f103xb.o(RESET) refers to stm32f1xx_it.o(.text.SVC_Handler) for SVC_Handler
    startup_stm32f103xb.o(RESET) refers to stm32f1xx_it.o(.text.DebugMon_Handler) for DebugMon_Handler
    startup_stm32f103xb.o(RESET) refers to stm32f1xx_it.o(.text.PendSV_Handler) for PendSV_Handler
    startup_stm32f103xb.o(RESET) refers to stm32f1xx_it.o(.text.SysTick_Handler) for SysTick_Handler
    startup_stm32f103xb.o(RESET) refers to stm32f1xx_it.o(.text.RCC_IRQHandler) for RCC_IRQHandler
    startup_stm32f103xb.o(RESET) refers to stm32f1xx_it.o(.text.I2C1_EV_IRQHandler) for I2C1_EV_IRQHandler
    startup_stm32f103xb.o(RESET) refers to stm32f1xx_it.o(.text.I2C1_ER_IRQHandler) for I2C1_ER_IRQHandler
    startup_stm32f103xb.o(RESET) refers to stm32f1xx_it.o(.text.USART2_IRQHandler) for USART2_IRQHandler
    startup_stm32f103xb.o(.text) refers (Special) to heapauxi.o(.text) for __use_two_region_memory
    startup_stm32f103xb.o(.text) refers to system_stm32f1xx.o(.text.SystemInit) for SystemInit
    startup_stm32f103xb.o(.text) refers to __main.o(!!!main) for __main
    startup_stm32f103xb.o(.text) refers to startup_stm32f103xb.o(HEAP) for Heap_Mem
    startup_stm32f103xb.o(.text) refers to startup_stm32f103xb.o(STACK) for Stack_Mem
    i2c-lcd.o(.text.lcd_send_cmd) refers to main.o(.bss.hi2c1) for hi2c1
    i2c-lcd.o(.text.lcd_send_cmd) refers to stm32f1xx_hal_i2c.o(.text.HAL_I2C_Master_Transmit) for HAL_I2C_Master_Transmit
    i2c-lcd.o(.ARM.exidx.text.lcd_send_cmd) refers to i2c-lcd.o(.text.lcd_send_cmd) for [Anonymous Symbol]
    i2c-lcd.o(.text.lcd_send_data) refers to main.o(.bss.hi2c1) for hi2c1
    i2c-lcd.o(.text.lcd_send_data) refers to stm32f1xx_hal_i2c.o(.text.HAL_I2C_Master_Transmit) for HAL_I2C_Master_Transmit
    i2c-lcd.o(.ARM.exidx.text.lcd_send_data) refers to i2c-lcd.o(.text.lcd_send_data) for [Anonymous Symbol]
    i2c-lcd.o(.text.lcd_clear) refers to main.o(.bss.hi2c1) for hi2c1
    i2c-lcd.o(.text.lcd_clear) refers to stm32f1xx_hal_i2c.o(.text.HAL_I2C_Master_Transmit) for HAL_I2C_Master_Transmit
    i2c-lcd.o(.ARM.exidx.text.lcd_clear) refers to i2c-lcd.o(.text.lcd_clear) for [Anonymous Symbol]
    i2c-lcd.o(.text.lcd_put_cur) refers to main.o(.bss.hi2c1) for hi2c1
    i2c-lcd.o(.text.lcd_put_cur) refers to stm32f1xx_hal_i2c.o(.text.HAL_I2C_Master_Transmit) for HAL_I2C_Master_Transmit
    i2c-lcd.o(.ARM.exidx.text.lcd_put_cur) refers to i2c-lcd.o(.text.lcd_put_cur) for [Anonymous Symbol]
    i2c-lcd.o(.text.lcd_init) refers to stm32f1xx_hal.o(.text.HAL_Delay) for HAL_Delay
    i2c-lcd.o(.text.lcd_init) refers to main.o(.bss.hi2c1) for hi2c1
    i2c-lcd.o(.text.lcd_init) refers to stm32f1xx_hal_i2c.o(.text.HAL_I2C_Master_Transmit) for HAL_I2C_Master_Transmit
    i2c-lcd.o(.ARM.exidx.text.lcd_init) refers to i2c-lcd.o(.text.lcd_init) for [Anonymous Symbol]
    i2c-lcd.o(.text.lcd_send_string) refers to main.o(.bss.hi2c1) for hi2c1
    i2c-lcd.o(.text.lcd_send_string) refers to stm32f1xx_hal_i2c.o(.text.HAL_I2C_Master_Transmit) for HAL_I2C_Master_Transmit
    i2c-lcd.o(.ARM.exidx.text.lcd_send_string) refers to i2c-lcd.o(.text.lcd_send_string) for [Anonymous Symbol]
    main.o(.text) refers (Special) to _printf_percent.o(.ARM.Collect$$_printf_percent$$00000000) for _printf_percent
    main.o(.text) refers (Special) to _printf_d.o(.ARM.Collect$$_printf_percent$$00000009) for _printf_d
    main.o(.text) refers (Special) to _printf_dec.o(.text) for _printf_int_dec
    main.o(.text.main) refers (Special) to _printf_percent.o(.ARM.Collect$$_printf_percent$$00000000) for _printf_percent
    main.o(.text.main) refers (Special) to _printf_d.o(.ARM.Collect$$_printf_percent$$00000009) for _printf_d
    main.o(.text.main) refers (Special) to _printf_dec.o(.text) for _printf_int_dec
    main.o(.text.main) refers to stm32f1xx_hal.o(.text.HAL_Init) for HAL_Init
[...]
    [Anonymous Symbol]                       0x08001548   Section        0  stm32f1xx_hal_i2c.o(.text.HAL_I2C_EV_IRQHandler)
    [Anonymous Symbol]                       0x08001ba8   Section        0  stm32f1xx_hal_i2c.o(.text.HAL_I2C_ErrorCallback)
    [Anonymous Symbol]                       0x08001bac   Section        0  stm32f1xx_hal_i2c.o(.text.HAL_I2C_Init)
    [Anonymous Symbol]                       0x08001d24   Section        0  stm32f1xx_hal_i2c.o(.text.HAL_I2C_ListenCpltCallback)
    [Anonymous Symbol]                       0x08001d28   Section        0  stm32f1xx_hal_i2c.o(.text.HAL_I2C_MasterRxCpltCallback)
    [Anonymous Symbol]                       0x08001d2c   Section        0  stm32f1xx_hal_i2c.o(.text.HAL_I2C_MasterTxCpltCallback)
    [Anonymous Symbol]                       0x08001d30   Section        0  stm32f1xx_hal_i2c.o(.text.HAL_I2C_Master_Transmit)
    [Anonymous Symbol]                       0x080021a8   Section        0  stm32f1xx_hal_i2c.o(.text.HAL_I2C_MemRxCpltCallback)
    [Anonymous Symbol]                       0x080021ac   Section        0  stm32f1xx_hal_i2c.o(.text.HAL_I2C_MemTxCpltCallback)
    [Anonymous Symbol]                       0x080021b0   Section        0  stm32f1xx_hal_msp.o(.text.HAL_I2C_MspInit)
    [Anonymous Symbol]                       0x0800224c   Section        0  stm32f1xx_hal_i2c.o(.text.HAL_I2C_SlaveRxCpltCallback)
    [Anonymous Symbol]                       0x08002250   Section        0  stm32f1xx_hal_i2c.o(.text.HAL_I2C_SlaveTxCpltCallback)
    [Anonymous Symbol]                       0x08002254   Section        0  stm32f1xx_hal.o(.text.HAL_IncTick)
    [Anonymous Symbol]                       0x08002270   Section        0  stm32f1xx_hal.o(.text.HAL_Init)
    [Anonymous Symbol]                       0x08002298   Section        0  stm32f1xx_hal.o(.text.HAL_InitTick)
    [Anonymous Symbol]                       0x080022e0   Section        0  stm32f1xx_hal_msp.o(.text.HAL_MspInit)
    [Anonymous Symbol]                       0x08002334   Section        0  stm32f1xx_hal_cortex.o(.text.HAL_NVIC_EnableIRQ)
    [Anonymous Symbol]                       0x08002354   Section        0  stm32f1xx_hal_cortex.o(.text.HAL_NVIC_SetPriority)
    [Anonymous Symbol]                       0x080023ac   Section        0  stm32f1xx_hal_cortex.o(.text.HAL_NVIC_SetPriorityGrouping)
    [Anonymous Symbol]                       0x080023cc   Section        0  stm32f1xx_hal_rcc.o(.text.HAL_RCC_ClockConfig)
    [Anonymous Symbol]                       0x0800258c   Section        0  stm32f1xx_hal_rcc.o(.text.HAL_RCC_GetPCLK1Freq)
    [Anonymous Symbol]                       0x080025b4   Section        0  stm32f1xx_hal_rcc.o(.text.HAL_RCC_GetPCLK2Freq)
    [Anonymous Symbol]                       0x080025dc   Section        0  stm32f1xx_hal_rcc.o(.text.HAL_RCC_OscConfig)
    [Anonymous Symbol]                       0x08002990   Section        0  stm32f1xx_hal_cortex.o(.text.HAL_SYSTICK_Config)
    [Anonymous Symbol]                       0x080029bc   Section        0  stm32f1xx_hal_tim_ex.o(.text.HAL_TIMEx_BreakCallback)
    [Anonymous Symbol]                       0x080029c0   Section        0  stm32f1xx_hal_tim_ex.o(.text.HAL_TIMEx_CommutCallback)
    [Anonymous Symbol]                       0x080029c4   Section        0  stm32f1xx_hal_tim_ex.o(.text.HAL_TIMEx_CommutHalfCpltCallback)
    [Anonymous Symbol]                       0x080029c8   Section        0  stm32f1xx_hal_tim_ex.o(.text.HAL_TIMEx_MasterConfigSynchronization)
    [Anonymous Symbol]                       0x08002a44   Section        0  stm32f1xx_hal_tim.o(.text.HAL_TIM_Base_Init)
    [Anonymous Symbol]                       0x08002bcc   Section        0  stm32f1xx_hal_msp.o(.text.HAL_TIM_Base_MspInit)
    [Anonymous Symbol]                       0x08002c28   Section        0  stm32f1xx_hal_tim.o(.text.HAL_TIM_Base_Start)
    [Anonymous Symbol]                       0x08002c90   Section        0  stm32f1xx_hal_tim.o(.text.HAL_TIM_ConfigClockSource)
    [Anonymous Symbol]                       0x08002e24   Section        0  stm32f1xx_hal_tim.o(.text.HAL_TIM_ErrorCallback)
    [Anonymous Symbol]                       0x08002e28   Section        0  stm32f1xx_hal_tim.o(.text.HAL_TIM_IC_CaptureCallback)
    [Anonymous Symbol]                       0x08002e2c   Section        0  stm32f1xx_hal_tim.o(.text.HAL_TIM_IC_CaptureHalfCpltCallback)
    [Anonymous Symbol]                       0x08002e30   Section        0  stm32f1xx_hal_msp.o(.text.HAL_TIM_MspPostInit)
    [Anonymous Symbol]                       0x08002e80   Section        0  stm32f1xx_hal_tim.o(.text.HAL_TIM_OC_DelayElapsedCallback)
    [Anonymous Symbol]                       0x08002e84   Section        0  stm32f1xx_hal_tim.o(.text.HAL_TIM_PWM_ConfigChannel)
    [Anonymous Symbol]                       0x08003078   Section        0  stm32f1xx_hal_tim.o(.text.HAL_TIM_PWM_Init)
    [Anonymous Symbol]                       0x08003200   Section        0  stm32f1xx_hal_tim.o(.text.HAL_TIM_PWM_MspInit)
    [Anonymous Symbol]                       0x08003204   Section        0  stm32f1xx_hal_tim.o(.text.HAL_TIM_PWM_PulseFinishedCallback)
    [Anonymous Symbol]                       0x08003208   Section        0  stm32f1xx_hal_tim.o(.text.HAL_TIM_PWM_PulseFinishedHalfCpltCallback)
    [Anonymous Symbol]                       0x0800320c   Section        0  stm32f1xx_hal_tim.o(.text.HAL_TIM_PWM_Start)
    [Anonymous Symbol]                       0x080032ec   Section        0  stm32f1xx_hal_tim.o(.text.HAL_TIM_PeriodElapsedCallback)
    [Anonymous Symbol]                       0x080032f0   Section        0  stm32f1xx_hal_tim.o(.text.HAL_TIM_PeriodElapsedHalfCpltCallback)
    [Anonymous Symbol]                       0x080032f4   Section        0  stm32f1xx_hal_tim.o(.text.HAL_TIM_TriggerCallback)
    [Anonymous Symbol]                       0x080032f8   Section        0  stm32f1xx_hal_tim.o(.text.HAL_TIM_TriggerHalfCpltCallback)
    [Anonymous Symbol]                       0x080032fc   Section        0  stm32f1xx_hal_uart.o(.text.HAL_UARTEx_RxEventCallback)
    [Anonymous Symbol]                       0x08003300   Section        0  stm32f1xx_hal_uart.o(.text.HAL_UART_ErrorCallback)
    [Anonymous Symbol]                       0x08003304   Section        0  stm32f1xx_hal_uart.o(.text.HAL_UART_IRQHandler)
    [Anonymous Symbol]                       0x08003570   Section        0  stm32f1xx_hal_uart.o(.text.HAL_UART_Init)
    [Anonymous Symbol]                       0x0800364c   Section        0  stm32f1xx_hal_msp.o(.text.HAL_UART_MspInit)
    [Anonymous Symbol]                       0x080036d4   Section        0  stm32f1xx_hal_uart.o(.text.HAL_UART_RxCpltCallback)
    [Anonymous Symbol]                       0x080036d8   Section        0  stm32f1xx_hal_uart.o(.text.HAL_UART_TxCpltCallback)
    [Anonymous Symbol]                       0x080036dc   Section        0  stm32f1xx_it.o(.text.HardFault_Handler)
    [Anonymous Symbol]                       0x080036e0   Section        0  stm32f1xx_it.o(.text.I2C1_ER_IRQHandler)
    [Anonymous Symbol]                       0x080036ec   Section        0  stm32f1xx_it.o(.text.I2C1_EV_IRQHandler)
    I2C_DMAAbort                             0x080036f9   Thumb Code   290  stm32f1xx_hal_i2c.o(.text.I2C_DMAAbort)
    [Anonymous Symbol]                       0x080036f8   Section        0  stm32f1xx_hal_i2c.o(.text.I2C_DMAAbort)
    I2C_ITError                              0x0800381d   Thumb Code   396  stm32f1xx_hal_i2c.o(.text.I2C_ITError)
    [Anonymous Symbol]                       0x0800381c   Section        0  stm32f1xx_hal_i2c.o(.text.I2C_ITError)
    I2C_MasterReceive_BTF                    0x080039a9   Thumb Code   232  stm32f1xx_hal_i2c.o(.text.I2C_MasterReceive_BTF)
    [Anonymous Symbol]                       0x080039a8   Section        0  stm32f1xx_hal_i2c.o(.text.I2C_MasterReceive_BTF)
    I2C_MasterReceive_RXNE                   0x08003a91   Thumb Code   310  stm32f1xx_hal_i2c.o(.text.I2C_MasterReceive_RXNE)
    [Anonymous Symbol]                       0x08003a90   Section        0  stm32f1xx_hal_i2c.o(.text.I2C_MasterReceive_RXNE)
    I2C_MasterTransmit_BTF                   0x08003bc9   Thumb Code   130  stm32f1xx_hal_i2c.o(.text.I2C_MasterTransmit_BTF)
    [Anonymous Symbol]                       0x08003bc8   Section        0  stm32f1xx_hal_i2c.o(.text.I2C_MasterTransmit_BTF)
    I2C_MasterTransmit_TXE                   0x08003c4d   Thumb Code   178  stm32f1xx_hal_i2c.o(.text.I2C_MasterTransmit_TXE)
    [Anonymous Symbol]                       0x08003c4c   Section        0  stm32f1xx_hal_i2c.o(.text.I2C_MasterTransmit_TXE)
    I2C_MemoryTransmit_TXE_BTF               0x08003d01   Thumb Code   180  stm32f1xx_hal_i2c.o(.text.I2C_MemoryTransmit_TXE_BTF)
    [Anonymous Symbol]                       0x08003d00   Section        0  stm32f1xx_hal_i2c.o(.text.I2C_MemoryTransmit_TXE_BTF)
    [Anonymous Symbol]                       0x08003db4   Section        0  stm32f1xx_it.o(.text.MemManage_Handler)
    [Anonymous Symbol]                       0x08003db8   Section        0  stm32f1xx_it.o(.text.NMI_Handler)
    [Anonymous Symbol]                       0x08003dbc   Section        0  stm32f1xx_it.o(.text.PendSV_Handler)
    [Anonymous Symbol]                       0x08003dc0   Section        0  stm32f1xx_it.o(.text.RCC_IRQHandler)
    [Anonymous Symbol]                       0x08003dc4   Section        0  stm32f1xx_it.o(.text.SVC_Handler)
    [Anonymous Symbol]                       0x08003dc8   Section        0  stm32f1xx_it.o(.text.SysTick_Handler)
    [Anonymous Symbol]                       0x08003dcc   Section        0  system_stm32f1xx.o(.text.SystemInit)
    UART_DMAAbortOnError                     0x08003dd1   Thumb Code    12  stm32f1xx_hal_uart.o(.text.UART_DMAAbortOnError)
    [Anonymous Symbol]                       0x08003dd0   Section        0  stm32f1xx_hal_uart.o(.text.UART_DMAAbortOnError)
    UART_Receive_IT                          0x08003ddd   Thumb Code   182  stm32f1xx_hal_uart.o(.text.UART_Receive_IT)
    [Anonymous Symbol]                       0x08003ddc   Section        0  stm32f1xx_hal_uart.o(.text.UART_Receive_IT)
    [Anonymous Symbol]                       0x08003e94   Section        0  stm32f1xx_it.o(.text.USART2_IRQHandler)
    [Anonymous Symbol]                       0x08003ea0   Section        0  stm32f1xx_it.o(.text.UsageFault_Handler)
    [Anonymous Symbol]                       0x08003ea4   Section        0  i2c-lcd.o(.text.lcd_clear)
    [Anonymous Symbol]                       0x08003ef8   Section        0  i2c-lcd.o(.text.lcd_init)
    [Anonymous Symbol]                       0x08004010   Section        0  i2c-lcd.o(.text.lcd_put_cur)
    [Anonymous Symbol]                       0x0800406c   Section        0  i2c-lcd.o(.text.lcd_send_string)
    [Anonymous Symbol]                       0x080040c4   Section        0  main.o(.text.main)
    CL$$btod_div_common                      0x0800451c   Section      824  btod.o(CL$$btod_div_common)
    CL$$btod_e2d                             0x08004854   Section      132  btod.o(CL$$btod_e2d)
    CL$$btod_e2e                             0x080048d8   Section      220  btod.o(CL$$btod_e2e)
    CL$$btod_ediv                            0x080049b4   Section       42  btod.o(CL$$btod_ediv)
    CL$$btod_edivd                           0x080049de   Section       42  btod.o(CL$$btod_edivd)
    CL$$btod_emul                            0x08004a08   Section       42  btod.o(CL$$btod_emul)
    CL$$btod_emuld                           0x08004a32   Section       42  btod.o(CL$$btod_emuld)
    CL$$btod_mult_common                     0x08004a5c   Section      580  btod.o(CL$$btod_mult_common)
    i.__mathlib_dbl_overflow                 0x08004ca0   Section        0  dunder.o(i.__mathlib_dbl_overflow)
    i.__mathlib_dbl_underflow                0x08004cb0   Section        0  dunder.o(i.__mathlib_dbl_underflow)
    i.__mathlib_narrow                       0x08004cc0   Section        0  narrow.o(i.__mathlib_narrow)
    i.__mathlib_tofloat                      0x08004cd0   Section        0  narrow.o(i.__mathlib_tofloat)
    i.__support_ldexp                        0x08004d8c   Section        0  ldexp.o(i.__support_ldexp)
    i._is_digit                              0x08004da2   Section        0  __printf_wp.o(i._is_digit)
    i.atof                                   0x08004db0   Section        0  atof.o(i.atof)
    i.frexp                                  0x08004ddc   Section        0  frexp.o(i.frexp)
    i.ldexp                                  0x08004e34   Section        0  ldexp.o(i.ldexp)
    locale$$code                             0x08004ea8   Section       44  lc_numeric_c.o(locale$$code)
    locale$$code                             0x08004ed4   Section       44  lc_ctype_c.o(locale$$code)
    x$fpl$d2f                                0x08004f00   Section       98  d2f.o(x$fpl$d2f)
    x$fpl$dcheck1                            0x08004f64   Section       16  dcheck1.o(x$fpl$dcheck1)
    x$fpl$dcmpinf                            0x08004f74   Section       24  dcmpi.o(x$fpl$dcmpinf)
    x$fpl$deqf                               0x08004f8c   Section      120  deqf.o(x$fpl$deqf)
    x$fpl$dfix                               0x08005004   Section       94  dfix.o(x$fpl$dfix)
    x$fpl$dfltu                              0x08005062   Section       38  dflt_clz.o(x$fpl$dfltu)
    x$fpl$dgeqf                              0x08005088   Section      120  dgeqf.o(x$fpl$dgeqf)
    x$fpl$dleqf                              0x08005100   Section      120  dleqf.o(x$fpl$dleqf)
    x$fpl$dmul                               0x08005178   Section      340  dmul.o(x$fpl$dmul)
    x$fpl$dnaninf                            0x080052cc   Section      156  dnaninf.o(x$fpl$dnaninf)
    x$fpl$dretinf                            0x08005368   Section       12  dretinf.o(x$fpl$dretinf)
    x$fpl$drleqf                             0x08005374   Section      108  drleqf.o(x$fpl$drleqf)
    x$fpl$fcmp                               0x080053e0   Section       84  dcmp.o(x$fpl$fcmp)
    x$fpl$fretinf                            0x08005434   Section       10  fretinf.o(x$fpl$fretinf)
    x$fpl$ieeestatus                         0x0800543e   Section        6  istatus.o(x$fpl$ieeestatus)
    x$fpl$retnan                             0x08005444   Section      100  retnan.o(x$fpl$retnan)
    x$fpl$scalbn                             0x080054a8   Section       92  scalbn.o(x$fpl$scalbn)
    x$fpl$scanf1                             0x08005504   Section        4  scanf1.o(x$fpl$scanf1)
    x$fpl$scanf2                             0x08005508   Section        8  scanf2.o(x$fpl$scanf2)
    x$fpl$trapveneer                         0x08005510   Section       48  trapv.o(x$fpl$trapveneer)
    tenpwrs_x                                0x08005540   Data          60  bigflt0.o(.constdata)
    .constdata                               0x08005540   Section      148  bigflt0.o(.constdata)
    x$fpl$usenofp                            0x08005540   Section        0  usenofp.o(x$fpl$usenofp)
    tenpwrs_i                                0x0800557c   Data          64  bigflt0.o(.constdata)
    .L__const.HAL_RCC_GetSysClockFreq.aPredivFactorTable 0x080055d4   Data           2  stm32f1xx_hal_rcc.o(.rodata..L__const.HAL_RCC_GetSysClockFreq.aPredivFactorTable)
    .L__const.HAL_RCC_GetSysClockFreq.aPLLMULFactorTable 0x080055ee   Data          16  stm32f1xx_hal_rcc.o(.rodata.cst16)
    c$$dinf                                  0x08005620   Section        8  fpconst.o(c$$dinf)
    c$$dmax                                  0x08005628   Section        8  fpconst.o(c$$dmax)
    locale$$data                             0x08005630   Section       28  lc_numeric_c.o(locale$$data)
    __lcnum_c_name                           0x08005634   Data           2  lc_numeric_c.o(locale$$data)
    __lcnum_c_start                          0x0800563c   Data           0  lc_numeric_c.o(locale$$data)
    __lcnum_c_point                          0x08005648   Data           0  lc_numeric_c.o(locale$$data)
    __lcnum_c_thousands                      0x0800564a   Data           0  lc_numeric_c.o(locale$$data)
    __lcnum_c_grouping                       0x0800564b   Data           0  lc_numeric_c.o(locale$$data)
    __lcnum_c_end                            0x0800564c   Data           0  lc_numeric_c.o(locale$$data)
    locale$$data                             0x0800564c   Section      272  lc_ctype_c.o(locale$$data)
    __lcctype_c_name                         0x08005650   Data           2  lc_ctype_c.o(locale$$data)
    __lcctype_c_start                        0x08005658   Data           0  lc_ctype_c.o(locale$$data)
    __lcctype_c_end                          0x0800575c   Data           0  lc_ctype_c.o(locale$$data)
    .L_MergedGlobals                         0x20000000   Data           8  stm32f1xx_hal.o(.data..L_MergedGlobals)
    [Anonymous Symbol]                       0x20000000   Section        0  stm32f1xx_hal.o(.data..L_MergedGlobals)
    .bss                                     0x20000010   Section       96  libspace.o(.bss)
    .L_MergedGlobals                         0x20000070   Data         100  main.o(.bss..L_MergedGlobals)
    [Anonymous Symbol]                       0x20000070   Section        0  main.o(.bss..L_MergedGlobals)
    Heap_Mem                                 0x20000298   Data         512  startup_stm32f103xb.o(HEAP)
    HEAP                                     0x20000298   Section      512  startup_stm32f103xb.o(HEAP)
    Stack_Mem                                0x20000498   Data        1024  startup_stm32f103xb.o(STACK)
    STACK                                    0x20000498   Section     1024  startup_stm32f103xb.o(STACK)
    __initial_sp                             0x20000898   Data           0  startup_stm32f103xb.o(STACK)

    Global Symbols

    Symbol Name                              Value     Ov Type        Size  Object(Section)

    BuildAttributes$$THM_ISAv4$P$D$K$B$S$PE$A:L22UL41UL21$X:L11$S22US41US21$IEEE1$IW$~IW$USESV6$~STKCKD$USESV7$~SHL$OTIME$ROPI$IEEEX$EBA8$UX$STANDARDLIB$REQ8$PRES8$EABIv2 0x00000000   Number         0  anon$$obj.o ABSOLUTE
    __fp_init_empty                          0x00000000   Number         0  fpinit_empty.o ABSOLUTE
    __ARM_exceptions_init                     - Undefined Weak Reference
    __alloca_initialize                       - Undefined Weak Reference
    __arm_preinit_                            - Undefined Weak Reference
    __arm_relocate_pie_                       - Undefined Weak Reference
    __cpp_initialize__aeabi_                  - Undefined Weak Reference
    __cxa_finalize                            - Undefined Weak Reference
    __sigvec_lookup                           - Undefined Weak Reference
    _atexit_init                              - Undefined Weak Reference
    _call_atexit_fns                          - Undefined Weak Reference
    _clock_init                               - Undefined Weak Reference
    _fp_trap_init                             - Undefined Weak Reference
    _fp_trap_shutdown                         - Undefined Weak Reference
    _get_lc_collate                           - Undefined Weak Reference
    _get_lc_monetary                          - Undefined Weak Reference
    _get_lc_time                              - Undefined Weak Reference
    _getenv_init                              - Undefined Weak Reference
    _handle_redirection                       - Undefined Weak Reference
    _init_alloc                               - Undefined Weak Reference
    _init_user_alloc                          - Undefined Weak Reference
    _initio                                   - Undefined Weak Reference
    _printf_post_padding                      - Undefined Weak Reference
    _printf_pre_padding                       - Undefined Weak Reference
    _printf_truncate_signed                   - Undefined Weak Reference
    _printf_truncate_unsigned                 - Undefined Weak Reference
    _rand_init                                - Undefined Weak Reference
    _signal_finish                            - Undefined Weak Reference
    _signal_init                              - Undefined Weak Reference
    _terminate_alloc                          - Undefined Weak Reference
    _terminate_user_alloc                     - Undefined Weak Reference
    _terminateio                              - Undefined Weak Reference
    __Vectors_Size                           0x000000ec   Number         0  startup_stm32f103xb.o ABSOLUTE
    __Vectors                                0x08000000   Data           4  startup_stm32f103xb.o(RESET)
    __Vectors_End                            0x080000ec   Data           0  startup_stm32f103xb.o(RESET)
    __main                                   0x080000ed   Thumb Code     8  __main.o(!!!main)
    __scatterload                            0x080000f5   Thumb Code     0  __scatter.o(!!!scatter)
    __scatterload_rt2                        0x080000f5   Thumb Code    44  __scatter.o(!!!scatter)
    __scatterload_rt2_thumb_only             0x080000f5   Thumb Code     0  __scatter.o(!!!scatter)
    __scatterload_null                       0x08000103   Thumb Code     0  __scatter.o(!!!scatter)
    __scatterload_copy                       0x08000129   Thumb Code    26  __scatter_copy.o(!!handler_copy)
    __scatterload_zeroinit                   0x08000145   Thumb Code    28  __scatter_zi.o(!!handler_zi)
    _printf_d                                0x08000161   Thumb Code     0  _printf_d.o(.ARM.Collect$$_printf_percent$$00000009)
    _printf_percent                          0x08000161   Thumb Code     0  _printf_percent.o(.ARM.Collect$$_printf_percent$$00000000)
    _printf_percent_end                      0x08000167   Thumb Code     0  _printf_percent_end.o(.ARM.Collect$$_printf_percent$$00000017)
    __rt_lib_init                            0x0800016b   Thumb Code     0  libinit.o(.ARM.Collect$$libinit$$00000000)
    __rt_lib_init_fp_1                       0x0800016d   Thumb Code     0  libinit2.o(.ARM.Collect$$libinit$$00000002)
    __rt_lib_init_heap_1                     0x0800016d   Thumb Code     0  libinit2.o(.ARM.Collect$$libinit$$0000000C)
    __rt_lib_init_lc_common                  0x0800016d   Thumb Code     0  libinit2.o(.ARM.Collect$$libinit$$00000011)
    __rt_lib_init_preinit_1                  0x0800016d   Thumb Code     0  libinit2.o(.ARM.Collect$$libinit$$00000006)
    __rt_lib_init_rand_1                     0x0800016d   Thumb Code     0  libinit2.o(.ARM.Collect$$libinit$$00000010)
    __rt_lib_init_relocate_pie_1             0x0800016d   Thumb Code     0  libinit2.o(.ARM.Collect$$libinit$$00000004)
    __rt_lib_init_user_alloc_1               0x0800016d   Thumb Code     0  libinit2.o(.ARM.Collect$$libinit$$0000000E)
    __rt_lib_init_lc_collate_1               0x08000173   Thumb Code     0  libinit2.o(.ARM.Collect$$libinit$$00000013)
    __rt_lib_init_lc_ctype_2                 0x08000173   Thumb Code     0  libinit2.o(.ARM.Collect$$libinit$$00000014)
    __rt_lib_init_lc_ctype_1                 0x0800017f   Thumb Code     0  libinit2.o(.ARM.Collect$$libinit$$00000015)
    __rt_lib_init_lc_monetary_1              0x0800017f   Thumb Code     0  libinit2.o(.ARM.Collect$$libinit$$00000017)
    __rt_lib_init_lc_numeric_2               0x0800017f   Thumb Code     0  libinit2.o(.ARM.Collect$$libinit$$00000018)
    __rt_lib_init_alloca_1                   0x08000189   Thumb Code     0  libinit2.o(.ARM.Collect$$libinit$$00000030)
    __rt_lib_init_argv_1                     0x08000189   Thumb Code     0  libinit2.o(.ARM.Collect$$libinit$$0000002E)
    __rt_lib_init_atexit_1                   0x08000189   Thumb Code     0  libinit2.o(.ARM.Collect$$libinit$$0000001D)
    __rt_lib_init_clock_1                    0x08000189   Thumb Code     0  libinit2.o(.ARM.Collect$$libinit$$00000023)
    __rt_lib_init_cpp_1                      0x08000189   Thumb Code     0  libinit2.o(.ARM.Collect$$libinit$$00000034)
    __rt_lib_init_exceptions_1               0x08000189   Thumb Code     0  libinit2.o(.ARM.Collect$$libinit$$00000032)
    __rt_lib_init_fp_trap_1                  0x08000189   Thumb Code     0  libinit2.o(.ARM.Collect$$libinit$$00000021)
    __rt_lib_init_getenv_1                   0x08000189   Thumb Code     0  libinit2.o(.ARM.Collect$$libinit$$00000025)
    __rt_lib_init_lc_numeric_1               0x08000189   Thumb Code     0  libinit2.o(.ARM.Collect$$libinit$$00000019)
    __rt_lib_init_lc_time_1                  0x08000189   Thumb Code     0  libinit2.o(.ARM.Collect$$libinit$$0000001B)
    __rt_lib_init_return                     0x08000189   Thumb Code     0  libinit2.o(.ARM.Collect$$libinit$$00000035)
    __rt_lib_init_signal_1                   0x08000189   Thumb Code     0  libinit2.o(.ARM.Collect$$libinit$$0000001F)
    __rt_lib_init_stdio_1                    0x08000189   Thumb Code     0  libinit2.o(.ARM.Collect$$libinit$$00000027)
    __rt_lib_shutdown                        0x0800018b   Thumb Code     0  libshutdown.o(.ARM.Collect$$libshutdown$$00000000)
    __rt_lib_shutdown_cpp_1                  0x0800018d   Thumb Code     0  libshutdown2.o(.ARM.Collect$$libshutdown$$00000002)
    __rt_lib_shutdown_fp_trap_1              0x0800018d   Thumb Code     0  libshutdown2.o(.ARM.Collect$$libshutdown$$00000007)
    __rt_lib_shutdown_heap_1                 0x0800018d   Thumb Code     0  libshutdown2.o(.ARM.Collect$$libshutdown$$0000000F)
    __rt_lib_shutdown_return                 0x0800018d   Thumb Code     0  libshutdown2.o(.ARM.Collect$$libshutdown$$00000010)
    __rt_lib_shutdown_signal_1               0x0800018d   Thumb Code     0  libshutdown2.o(.ARM.Collect$$libshutdown$$0000000A)
    __rt_lib_shutdown_stdio_1                0x0800018d   Thumb Code     0  libshutdown2.o(.ARM.Collect$$libshutdown$$00000004)
    __rt_lib_shutdown_user_alloc_1           0x0800018d   Thumb Code     0  libshutdown2.o(.ARM.Collect$$libshutdown$$0000000C)
    __rt_entry                               0x0800018f   Thumb Code     0  __rtentry.o(.ARM.Collect$$rtentry$$00000000)
    __rt_entry_presh_1                       0x0800018f   Thumb Code     0  __rtentry2.o(.ARM.Collect$$rtentry$$00000002)
    __rt_entry_sh                            0x0800018f   Thumb Code     0  __rtentry4.o(.ARM.Collect$$rtentry$$00000004)
    __rt_entry_li                            0x08000195   Thumb Code     0  __rtentry2.o(.ARM.Collect$$rtentry$$0000000A)
    __rt_entry_postsh_1                      0x08000195   Thumb Code     0  __rtentry2.o(.ARM.Collect$$rtentry$$00000009)
    __rt_entry_main                          0x08000199   Thumb Code     0  __rtentry2.o(.ARM.Collect$$rtentry$$0000000D)
    __rt_entry_postli_1                      0x08000199   Thumb Code     0  __rtentry2.o(.ARM.Collect$$rtentry$$0000000C)
    __rt_exit                                0x080001a1   Thumb Code     0  rtexit.o(.ARM.Collect$$rtexit$$00000000)
    __rt_exit_ls                             0x080001a3   Thumb Code     0  rtexit2.o(.ARM.Collect$$rtexit$$00000003)
    __rt_exit_prels_1                        0x080001a3   Thumb Code     0  rtexit2.o(.ARM.Collect$$rtexit$$00000002)
    __rt_exit_exit                           0x080001a7   Thumb Code     0  rtexit2.o(.ARM.Collect$$rtexit$$00000004)
    Reset_Handler                            0x080001ad   Thumb Code     8  startup_stm32f103xb.o(.text)
    ADC1_2_IRQHandler                        0x080001c7   Thumb Code     0  startup_stm32f103xb.o(.text)
    CAN1_RX1_IRQHandler                      0x080001c7   Thumb Code     0  startup_stm32f103xb.o(.text)
    CAN1_SCE_IRQHandler                      0x080001c7   Thumb Code     0  startup_stm32f103xb.o(.text)
    DMA1_Channel1_IRQHandler                 0x080001c7   Thumb Code     0  startup_stm32f103xb.o(.text)
    DMA1_Channel2_IRQHandler                 0x080001c7   Thumb Code     0  startup_stm32f103xb.o(.text)
    DMA1_Channel3_IRQHandler                 0x080001c7   Thumb Code     0  startup_stm32f103xb.o(.text)
    DMA1_Channel4_IRQHandler                 0x080001c7   Thumb Code     0  startup_stm32f103xb.o(.text)
    DMA1_Channel5_IRQHandler                 0x080001c7   Thumb Code     0  startup_stm32f103xb.o(.text)
    DMA1_Channel6_IRQHandler                 0x080001c7   Thumb Code     0  startup_stm32f103xb.o(.text)
    DMA1_Channel7_IRQHandler                 0x080001c7   Thumb Code     0  startup_stm32f103xb.o(.text)
    EXTI0_IRQHandler                         0x080001c7   Thumb Code     0  startup_stm32f103xb.o(.text)
    EXTI15_10_IRQHandler                     0x080001c7   Thumb Code     0  startup_stm32f103xb.o(.text)
    EXTI1_IRQHandler                         0x080001c7   Thumb Code     0  startup_stm32f103xb.o(.text)
    EXTI2_IRQHandler                         0x080001c7   Thumb Code     0  startup_stm32f103xb.o(.text)
    EXTI3_IRQHandler                         0x080001c7   Thumb Code     0  startup_stm32f103xb.o(.text)
    EXTI4_IRQHandler                         0x080001c7   Thumb Code     0  startup_stm32f103xb.o(.text)
    EXTI9_5_IRQHandler                       0x080001c7   Thumb Code     0  startup_stm32f103xb.o(.text)
    FLASH_IRQHandler                         0x080001c7   Thumb Code     0  startup_stm32f103xb.o(.text)
    I2C2_ER_IRQHandler                       0x080001c7   Thumb Code     0  startup_stm32f103xb.o(.text)
    I2C2_EV_IRQHandler                       0x080001c7   Thumb Code     0  startup_stm32f103xb.o(.text)
    PVD_IRQHandler                           0x080001c7   Thumb Code     0  startup_stm32f103xb.o(.text)
    RTC_Alarm_IRQHandler                     0x080001c7   Thumb Code     0  startup_stm32f103xb.o(.text)
    RTC_IRQHandler                           0x080001c7   Thumb Code     0  startup_stm32f103xb.o(.text)
    SPI1_IRQHandler                          0x080001c7   Thumb Code     0  startup_stm32f103xb.o(.text)
    SPI2_IRQHandler                          0x080001c7   Thumb Code     0  startup_stm32f103xb.o(.text)
    TAMPER_IRQHandler                        0x080001c7   Thumb Code     0  startup_stm32f103xb.o(.text)
    TIM1_BRK_IRQHandler                      0x080001c7   Thumb Code     0  startup_stm32f103xb.o(.text)
    TIM1_CC_IRQHandler                       0x080001c7   Thumb Code     0  startup_stm32f103xb.o(.text)
    TIM1_TRG_COM_IRQHandler                  0x080001c7   Thumb Code     0  startup_stm32f103xb.o(.text)
    TIM1_UP_IRQHandler                       0x080001c7   Thumb Code     0  startup_stm32f103xb.o(.text)
    TIM2_IRQHandler                          0x080001c7   Thumb Code     0  startup_stm32f103xb.o(.text)
    TIM3_IRQHandler                          0x080001c7   Thumb Code     0  startup_stm32f103xb.o(.text)
    TIM4_IRQHandler                          0x080001c7   Thumb Code     0  startup_stm32f103xb.o(.text)
    USART1_IRQHandler                        0x080001c7   Thumb Code     0  startup_stm32f103xb.o(.text)
    USART3_IRQHandler                        0x080001c7   Thumb Code     0  startup_stm32f103xb.o(.text)
    USBWakeUp_IRQHandler                     0x080001c7   Thumb Code     0  startup_stm32f103xb.o(.text)
    USB_HP_CAN1_TX_IRQHandler                0x080001c7   Thumb Code     0  startup_stm32f103xb.o(.text)
    USB_LP_CAN1_RX0_IRQHandler               0x080001c7   Thumb Code     0  startup_stm32f103xb.o(.text)
    WWDG_IRQHandler                          0x080001c7   Thumb Code     0  startup_stm32f103xb.o(.text)
    __user_initial_stackheap                 0x080001c9   Thumb Code     0  startup_stm32f103xb.o(.text)
    __2sprintf                               0x080001ed   Thumb Code    34  noretval__2sprintf.o(.text)
    __printf                                 0x08000215   Thumb Code   104  __printf.o(.text)
    _printf_int_dec                          0x0800027d   Thumb Code   104  _printf_dec.o(.text)
    __use_two_region_memory                  0x080002f5   Thumb Code     2  heapauxi.o(.text)
    __rt_heap_escrow$2region                 0x080002f7   Thumb Code     2  heapauxi.o(.text)
    __rt_heap_expand$2region                 0x080002f9   Thumb Code     2  heapauxi.o(.text)
    __read_errno                             0x080002fb   Thumb Code    10  _rserrno.o(.text)
    __set_errno                              0x08000305   Thumb Code    12  _rserrno.o(.text)
    _printf_int_common                       0x08000311   Thumb Code   178  _printf_intcommon.o(.text)
    _printf_char_common                      0x080003cf   Thumb Code    32  _printf_char_common.o(.text)
    _sputc                                   0x080003f5   Thumb Code    10  _sputc.o(.text)
    __strtod_int                             0x08000445   Thumb Code    94  strtod.o(.text)
    __aeabi_errno_addr                       0x080004b1   Thumb Code     8  rt_errno_addr_intlibspace.o(.text)
    __errno$intlibspace                      0x080004b1   Thumb Code     0  rt_errno_addr_intlibspace.o(.text)
    __rt_errno_addr$intlibspace              0x080004b1   Thumb Code     0  rt_errno_addr_intlibspace.o(.text)
    isspace                                  0x080004b9   Thumb Code    18  isspace.o(.text)
    _sgetc                                   0x080004cb   Thumb Code    30  _sgetc.o(.text)
    _sbackspace                              0x080004e9   Thumb Code    34  _sgetc.o(.text)
    __user_libspace                          0x0800050d   Thumb Code     8  libspace.o(.text)
    __user_perproc_libspace                  0x0800050d   Thumb Code     0  libspace.o(.text)
    __user_perthread_libspace                0x0800050d   Thumb Code     0  libspace.o(.text)
    __user_setup_stackheap                   0x08000515   Thumb Code    74  sys_stackheap_outer.o(.text)
    __rt_ctype_table                         0x08000561   Thumb Code    16  rt_ctype_table.o(.text)
    _scanf_really_real                       0x080007bd   Thumb Code   684  scanf_fp.o(.text)
    exit                                     0x08000a69   Thumb Code    18  exit.o(.text)
    strcmp                                   0x08000a7d   Thumb Code   128  strcmpv7m.o(.text)
    __rt_locale                              0x08000afd   Thumb Code     8  rt_locale_intlibspace.o(.text)
    __aeabi_llsl                             0x08000b05   Thumb Code     0  llshl.o(.text)
    _ll_shift_l                              0x08000b05   Thumb Code    38  llshl.o(.text)
    _btod_etento                             0x08000b2d   Thumb Code   224  bigflt0.o(.text)
    _scanf_really_hex_real                   0x08000c11   Thumb Code   786  scanf_hexfp.o(.text)
    _scanf_really_infnan                     0x08000f31   Thumb Code   292  scanf_infnan.o(.text)
    _sys_exit                                0x08001065   Thumb Code     8  sys_exit.o(.text)
    _chval                                   0x08001071   Thumb Code    28  _chval.o(.text)
    __I$use$semihosting                      0x0800108d   Thumb Code     0  use_no_semi.o(.text)
    __use_no_semihosting_swi                 0x0800108d   Thumb Code     2  use_no_semi.o(.text)
    __semihosting_library_function           0x0800108f   Thumb Code     0  indicate_semi.o(.text)
    BusFault_Handler                         0x08001091   Thumb Code     2  stm32f1xx_it.o(.text.BusFault_Handler)
    DebugMon_Handler                         0x08001095   Thumb Code     2  stm32f1xx_it.o(.text.DebugMon_Handler)
    HAL_DMA_Abort                            0x08001099   Thumb Code    70  stm32f1xx_hal_dma.o(.text.HAL_DMA_Abort)
    HAL_DMA_Abort_IT                         0x080010e1   Thumb Code   170  stm32f1xx_hal_dma.o(.text.HAL_DMA_Abort_IT)
    HAL_DMA_GetState                         0x0800118d   Thumb Code     6  stm32f1xx_hal_dma.o(.text.HAL_DMA_GetState)
    HAL_Delay                                0x08001195   Thumb Code    40  stm32f1xx_hal.o(.text.HAL_Delay)
    HAL_GPIO_Init                            0x080011bd   Thumb Code   530  stm32f1xx_hal_gpio.o(.text.HAL_GPIO_Init)
    HAL_GPIO_ReadPin                         0x080013d1   Thumb Code    10  stm32f1xx_hal_gpio.o(.text.HAL_GPIO_ReadPin)
    HAL_GPIO_WritePin                        0x080013dd   Thumb Code    10  stm32f1xx_hal_gpio.o(.text.HAL_GPIO_WritePin)
    HAL_GetTick                              0x080013e9   Thumb Code    12  stm32f1xx_hal.o(.text.HAL_GetTick)
    HAL_I2C_AbortCpltCallback                0x080013f5   Thumb Code     2  stm32f1xx_hal_i2c.o(.text.HAL_I2C_AbortCpltCallback)
    HAL_I2C_AddrCallback                     0x080013f9   Thumb Code     2  stm32f1xx_hal_i2c.o(.text.HAL_I2C_AddrCallback)
    HAL_I2C_ER_IRQHandler                    0x080013fd   Thumb Code   332  stm32f1xx_hal_i2c.o(.text.HAL_I2C_ER_IRQHandler)
    HAL_I2C_EV_IRQHandler                    0x08001549   Thumb Code  1632  stm32f1xx_hal_i2c.o(.text.HAL_I2C_EV_IRQHandler)
    HAL_I2C_ErrorCallback                    0x08001ba9   Thumb Code     2  stm32f1xx_hal_i2c.o(.text.HAL_I2C_ErrorCallback)
    HAL_I2C_Init                             0x08001bad   Thumb Code   374  stm32f1xx_hal_i2c.o(.text.HAL_I2C_Init)
    HAL_I2C_ListenCpltCallback               0x08001d25   Thumb Code     2  stm32f1xx_hal_i2c.o(.text.HAL_I2C_ListenCpltCallback)
    HAL_I2C_MasterRxCpltCallback             0x08001d29   Thumb Code     2  stm32f1xx_hal_i2c.o(.text.HAL_I2C_MasterRxCpltCallback)
    HAL_I2C_MasterTxCpltCallback             0x08001d2d   Thumb Code     2  stm32f1xx_hal_i2c.o(.text.HAL_I2C_MasterTxCpltCallback)
    HAL_I2C_Master_Transmit                  0x08001d31   Thumb Code  1144  stm32f1xx_hal_i2c.o(.text.HAL_I2C_Master_Transmit)
    HAL_I2C_MemRxCpltCallback                0x080021a9   Thumb Code     2  stm32f1xx_hal_i2c.o(.text.HAL_I2C_MemRxCpltCallback)
    HAL_I2C_MemTxCpltCallback                0x080021ad   Thumb Code     2  stm32f1xx_hal_i2c.o(.text.HAL_I2C_MemTxCpltCallback)
    HAL_I2C_MspInit                          0x080021b1   Thumb Code   154  stm32f1xx_hal_msp.o(.text.HAL_I2C_MspInit)
    HAL_I2C_SlaveRxCpltCallback              0x0800224d   Thumb Code     2  stm32f1xx_hal_i2c.o(.text.HAL_I2C_SlaveRxCpltCallback)
    HAL_I2C_SlaveTxCpltCallback              0x08002251   Thumb Code     2  stm32f1xx_hal_i2c.o(.text.HAL_I2C_SlaveTxCpltCallback)
    HAL_IncTick                              0x08002255   Thumb Code    26  stm32f1xx_hal.o(.text.HAL_IncTick)
    HAL_Init                                 0x08002271   Thumb Code    38  stm32f1xx_hal.o(.text.HAL_Init)
    HAL_InitTick                             0x08002299   Thumb Code    72  stm32f1xx_hal.o(.text.HAL_InitTick)
    HAL_MspInit                              0x080022e1   Thumb Code    84  stm32f1xx_hal_msp.o(.text.HAL_MspInit)
    HAL_NVIC_EnableIRQ                       0x08002335   Thumb Code    32  stm32f1xx_hal_cortex.o(.text.HAL_NVIC_EnableIRQ)
    HAL_NVIC_SetPriority                     0x08002355   Thumb Code    86  stm32f1xx_hal_cortex.o(.text.HAL_NVIC_SetPriority)
    HAL_NVIC_SetPriorityGrouping             0x080023ad   Thumb Code    32  stm32f1xx_hal_cortex.o(.text.HAL_NVIC_SetPriorityGrouping)
    HAL_RCC_ClockConfig                      0x080023cd   Thumb Code   446  stm32f1xx_hal_rcc.o(.text.HAL_RCC_ClockConfig)
    HAL_RCC_GetPCLK1Freq                     0x0800258d   Thumb Code    38  stm32f1xx_hal_rcc.o(.text.HAL_RCC_GetPCLK1Freq)
    HAL_RCC_GetPCLK2Freq                     0x080025b5   Thumb Code    38  stm32f1xx_hal_rcc.o(.text.HAL_RCC_GetPCLK2Freq)
    HAL_RCC_OscConfig                        0x080025dd   Thumb Code   948  stm32f1xx_hal_rcc.o(.text.HAL_RCC_OscConfig)
    HAL_SYSTICK_Config                       0x08002991   Thumb Code    44  stm32f1xx_hal_cortex.o(.text.HAL_SYSTICK_Config)
    HAL_TIMEx_BreakCallback                  0x080029bd   Thumb Code     2  stm32f1xx_hal_tim_ex.o(.text.HAL_TIMEx_BreakCallback)
    HAL_TIMEx_CommutCallback                 0x080029c1   Thumb Code     2  stm32f1xx_hal_tim_ex.o(.text.HAL_TIMEx_CommutCallback)
    HAL_TIMEx_CommutHalfCpltCallback         0x080029c5   Thumb Code     2  stm32f1xx_hal_tim_ex.o(.text.HAL_TIMEx_CommutHalfCpltCallback)
    HAL_TIMEx_MasterConfigSynchronization    0x080029c9   Thumb Code   122  stm32f1xx_hal_tim_ex.o(.text.HAL_TIMEx_MasterConfigSynchronization)
    HAL_TIM_Base_Init                        0x08002a45   Thumb Code   390  stm32f1xx_hal_tim.o(.text.HAL_TIM_Base_Init)
    HAL_TIM_Base_MspInit                     0x08002bcd   Thumb Code    90  stm32f1xx_hal_msp.o(.text.HAL_TIM_Base_MspInit)
    HAL_TIM_Base_Start                       0x08002c29   Thumb Code   102  stm32f1xx_hal_tim.o(.text.HAL_TIM_Base_Start)
    HAL_TIM_ConfigClockSource                0x08002c91   Thumb Code   402  stm32f1xx_hal_tim.o(.text.HAL_TIM_ConfigClockSource)
    HAL_TIM_ErrorCallback                    0x08002e25   Thumb Code     2  stm32f1xx_hal_tim.o(.text.HAL_TIM_ErrorCallback)
    HAL_TIM_IC_CaptureCallback               0x08002e29   Thumb Code     2  stm32f1xx_hal_tim.o(.text.HAL_TIM_IC_CaptureCallback)
    HAL_TIM_IC_CaptureHalfCpltCallback       0x08002e2d   Thumb Code     2  stm32f1xx_hal_tim.o(.text.HAL_TIM_IC_CaptureHalfCpltCallback)
    HAL_TIM_MspPostInit                      0x08002e31   Thumb Code    78  stm32f1xx_hal_msp.o(.text.HAL_TIM_MspPostInit)
    HAL_TIM_OC_DelayElapsedCallback          0x08002e81   Thumb Code     2  stm32f1xx_hal_tim.o(.text.HAL_TIM_OC_DelayElapsedCallback)
    HAL_TIM_PWM_ConfigChannel                0x08002e85   Thumb Code   498  stm32f1xx_hal_tim.o(.text.HAL_TIM_PWM_ConfigChannel)
    HAL_TIM_PWM_Init                         0x08003079   Thumb Code   390  stm32f1xx_hal_tim.o(.text.HAL_TIM_PWM_Init)
    HAL_TIM_PWM_MspInit                      0x08003201   Thumb Code     2  stm32f1xx_hal_tim.o(.text.HAL_TIM_PWM_MspInit)
    HAL_TIM_PWM_PulseFinishedCallback        0x08003205   Thumb Code     2  stm32f1xx_hal_tim.o(.text.HAL_TIM_PWM_PulseFinishedCallback)
    HAL_TIM_PWM_PulseFinishedHalfCpltCallback 0x08003209   Thumb Code     2  stm32f1xx_hal_tim.o(.text.HAL_TIM_PWM_PulseFinishedHalfCpltCallback)
    HAL_TIM_PWM_Start                        0x0800320d   Thumb Code   222  stm32f1xx_hal_tim.o(.text.HAL_TIM_PWM_Start)
    HAL_TIM_PeriodElapsedCallback            0x080032ed   Thumb Code     2  stm32f1xx_hal_tim.o(.text.HAL_TIM_PeriodElapsedCallback)
    HAL_TIM_PeriodElapsedHalfCpltCallback    0x080032f1   Thumb Code     2  stm32f1xx_hal_tim.o(.text.HAL_TIM_PeriodElapsedHalfCpltCallback)
    HAL_TIM_TriggerCallback                  0x080032f5   Thumb Code     2  stm32f1xx_hal_tim.o(.text.HAL_TIM_TriggerCallback)
    HAL_TIM_TriggerHalfCpltCallback          0x080032f9   Thumb Code     2  stm32f1xx_hal_tim.o(.text.HAL_TIM_TriggerHalfCpltCallback)
    HAL_UARTEx_RxEventCallback               0x080032fd   Thumb Code     2  stm32f1xx_hal_uart.o(.text.HAL_UARTEx_RxEventCallback)
    HAL_UART_ErrorCallback                   0x08003301   Thumb Code     2  stm32f1xx_hal_uart.o(.text.HAL_UART_ErrorCallback)
    HAL_UART_IRQHandler                      0x08003305   Thumb Code   620  stm32f1xx_hal_uart.o(.text.HAL_UART_IRQHandler)
    HAL_UART_Init                            0x08003571   Thumb Code   220  stm32f1xx_hal_uart.o(.text.HAL_UART_Init)
    HAL_UART_MspInit                         0x0800364d   Thumb Code   134  stm32f1xx_hal_msp.o(.text.HAL_UART_MspInit)
    HAL_UART_RxCpltCallback                  0x080036d5   Thumb Code     2  stm32f1xx_hal_uart.o(.text.HAL_UART_RxCpltCallback)
    HAL_UART_TxCpltCallback                  0x080036d9   Thumb Code     2  stm32f1xx_hal_uart.o(.text.HAL_UART_TxCpltCallback)
    HardFault_Handler                        0x080036dd   Thumb Code     2  stm32f1xx_it.o(.text.HardFault_Handler)
    I2C1_ER_IRQHandler                       0x080036e1   Thumb Code    12  stm32f1xx_it.o(.text.I2C1_ER_IRQHandler)
    I2C1_EV_IRQHandler                       0x080036ed   Thumb Code    12  stm32f1xx_it.o(.text.I2C1_EV_IRQHandler)
    MemManage_Handler                        0x08003db5   Thumb Code     2  stm32f1xx_it.o(.text.MemManage_Handler)
    NMI_Handler                              0x08003db9   Thumb Code     2  stm32f1xx_it.o(.text.NMI_Handler)
    PendSV_Handler                           0x08003dbd   Thumb Code     2  stm32f1xx_it.o(.text.PendSV_Handler)
    RCC_IRQHandler                           0x08003dc1   Thumb Code     2  stm32f1xx_it.o(.text.RCC_IRQHandler)
    SVC_Handler                              0x08003dc5   Thumb Code     2  stm32f1xx_it.o(.text.SVC_Handler)
    SysTick_Handler                          0x08003dc9   Thumb Code     4  stm32f1xx_it.o(.text.SysTick_Handler)
    SystemInit                               0x08003dcd   Thumb Code     2  system_stm32f1xx.o(.text.SystemInit)
    USART2_IRQHandler                        0x08003e95   Thumb Code    12  stm32f1xx_it.o(.text.USART2_IRQHandler)
    UsageFault_Handler                       0x08003ea1   Thumb Code     2  stm32f1xx_it.o(.text.UsageFault_Handler)
    lcd_clear                                0x08003ea5   Thumb Code    84  i2c-lcd.o(.text.lcd_clear)
    lcd_init                                 0x08003ef9   Thumb Code   278  i2c-lcd.o(.text.lcd_init)
    lcd_put_cur                              0x08004011   Thumb Code    90  i2c-lcd.o(.text.lcd_put_cur)
    lcd_send_string                          0x0800406d   Thumb Code    86  i2c-lcd.o(.text.lcd_send_string)
    main                                     0x080040c5   Thumb Code  1100  main.o(.text.main)
    __btod_div_common                        0x0800451d   Thumb Code   696  btod.o(CL$$btod_div_common)
    _e2d                                     0x08004855   Thumb Code   122  btod.o(CL$$btod_e2d)
    _e2e                                     0x080048d9   Thumb Code   220  btod.o(CL$$btod_e2e)
    _btod_ediv                               0x080049b5   Thumb Code    42  btod.o(CL$$btod_ediv)
    _btod_edivd                              0x080049df   Thumb Code    42  btod.o(CL$$btod_edivd)
    _btod_emul                               0x08004a09   Thumb Code    42  btod.o(CL$$btod_emul)
    _btod_emuld                              0x08004a33   Thumb Code    42  btod.o(CL$$btod_emuld)
    __btod_mult_common                       0x08004a5d   Thumb Code   580  btod.o(CL$$btod_mult_common)
    __mathlib_dbl_overflow                   0x08004ca1   Thumb Code    14  dunder.o(i.__mathlib_dbl_overflow)
    __mathlib_dbl_underflow                  0x08004cb1   Thumb Code    10  dunder.o(i.__mathlib_dbl_underflow)
    __mathlib_narrow                         0x08004cc1   Thumb Code    16  narrow.o(i.__mathlib_narrow)
    __mathlib_tofloat                        0x08004cd1   Thumb Code   184  narrow.o(i.__mathlib_tofloat)
    __support_ldexp                          0x08004d8d   Thumb Code    22  ldexp.o(i.__support_ldexp)
    _is_digit                                0x08004da3   Thumb Code    14  __printf_wp.o(i._is_digit)
    atof                                     0x08004db1   Thumb Code    44  atof.o(i.atof)
    frexp                                    0x08004ddd   Thumb Code    80  frexp.o(i.frexp)
    ldexp                                    0x08004e35   Thumb Code   116  ldexp.o(i.ldexp)
    _get_lc_numeric                          0x08004ea9   Thumb Code    44  lc_numeric_c.o(locale$$code)
    _get_lc_ctype                            0x08004ed5   Thumb Code    44  lc_ctype_c.o(locale$$code)
    __aeabi_d2f                              0x08004f01   Thumb Code     0  d2f.o(x$fpl$d2f)
    _d2f                                     0x08004f01   Thumb Code    98  d2f.o(x$fpl$d2f)
    __fpl_dcheck_NaN1                        0x08004f65   Thumb Code    10  dcheck1.o(x$fpl$dcheck1)
    __fpl_dcmp_Inf                           0x08004f75   Thumb Code    24  dcmpi.o(x$fpl$dcmpinf)
    __aeabi_cdcmpeq                          0x08004f8d   Thumb Code     0  deqf.o(x$fpl$deqf)
    _dcmpeq                                  0x08004f8d   Thumb Code   120  deqf.o(x$fpl$deqf)
    __aeabi_d2iz                             0x08005005   Thumb Code     0  dfix.o(x$fpl$dfix)
    _dfix                                    0x08005005   Thumb Code    94  dfix.o(x$fpl$dfix)
    __aeabi_ui2d                             0x08005063   Thumb Code     0  dflt_clz.o(x$fpl$dfltu)
    _dfltu                                   0x08005063   Thumb Code    38  dflt_clz.o(x$fpl$dfltu)
    __aeabi_cdcmpge                          0x08005089   Thumb Code     0  dgeqf.o(x$fpl$dgeqf)
    _dcmpge                                  0x08005089   Thumb Code   120  dgeqf.o(x$fpl$dgeqf)
    __aeabi_cdcmple                          0x08005101   Thumb Code     0  dleqf.o(x$fpl$dleqf)
    _dcmple                                  0x08005101   Thumb Code   120  dleqf.o(x$fpl$dleqf)
    __fpl_dcmple_InfNaN                      0x08005163   Thumb Code     0  dleqf.o(x$fpl$dleqf)
    __aeabi_dmul                             0x08005179   Thumb Code     0  dmul.o(x$fpl$dmul)
    _dmul                                    0x08005179   Thumb Code   332  dmul.o(x$fpl$dmul)
    __fpl_dnaninf                            0x080052cd   Thumb Code   156  dnaninf.o(x$fpl$dnaninf)
    __fpl_dretinf                            0x08005369   Thumb Code    12  dretinf.o(x$fpl$dretinf)
    __aeabi_cdrcmple                         0x08005375   Thumb Code     0  drleqf.o(x$fpl$drleqf)
    _drcmple                                 0x08005375   Thumb Code   108  drleqf.o(x$fpl$drleqf)
    __aeabi_dcmpeq                           0x080053e1   Thumb Code     0  dcmp.o(x$fpl$fcmp)
    _deq                                     0x080053e1   Thumb Code    14  dcmp.o(x$fpl$fcmp)
    _dneq                                    0x080053ef   Thumb Code    14  dcmp.o(x$fpl$fcmp)
    __aeabi_dcmpgt                           0x080053fd   Thumb Code     0  dcmp.o(x$fpl$fcmp)
    _dgr                                     0x080053fd   Thumb Code    14  dcmp.o(x$fpl$fcmp)
    __aeabi_dcmpge                           0x0800540b   Thumb Code     0  dcmp.o(x$fpl$fcmp)
    _dgeq                                    0x0800540b   Thumb Code    14  dcmp.o(x$fpl$fcmp)
    __aeabi_dcmple                           0x08005419   Thumb Code     0  dcmp.o(x$fpl$fcmp)
    _dleq                                    0x08005419   Thumb Code    14  dcmp.o(x$fpl$fcmp)
    __aeabi_dcmplt                           0x08005427   Thumb Code     0  dcmp.o(x$fpl$fcmp)
    _dls                                     0x08005427   Thumb Code    14  dcmp.o(x$fpl$fcmp)
    __fpl_fretinf                            0x08005435   Thumb Code    10  fretinf.o(x$fpl$fretinf)
    __ieee_status                            0x0800543f   Thumb Code     6  istatus.o(x$fpl$ieeestatus)
    __fpl_return_NaN                         0x08005445   Thumb Code   100  retnan.o(x$fpl$retnan)
    __ARM_scalbn                             0x080054a9   Thumb Code    92  scalbn.o(x$fpl$scalbn)
    _scanf_real                              0x08005505   Thumb Code     4  scanf1.o(x$fpl$scanf1)
    _scanf_hex_real                          0x08005509   Thumb Code     4  scanf2.o(x$fpl$scanf2)
    _scanf_infnan                            0x0800550d   Thumb Code     4  scanf2.o(x$fpl$scanf2)
    __fpl_cmpreturn                          0x08005511   Thumb Code    48  trapv.o(x$fpl$trapveneer)
    __I$use$fp                               0x08005540   Number         0  usenofp.o(x$fpl$usenofp)
    AHBPrescTable                            0x080055d6   Data          16  system_stm32f1xx.o(.rodata.AHBPrescTable)
    APBPrescTable                            0x080055e6   Data           8  system_stm32f1xx.o(.rodata.APBPrescTable)
    Region$$Table$$Base                      0x08005600   Number         0  anon$$obj.o(Region$$Table)
    Region$$Table$$Limit                     0x08005620   Number         0  anon$$obj.o(Region$$Table)
    __aeabi_HUGE_VAL                         0x08005620   Data           0  fpconst.o(c$$dinf)
    __aeabi_HUGE_VALL                        0x08005620   Data           0  fpconst.o(c$$dinf)
    __aeabi_INFINITY                         0x08005620   Data           0  fpconst.o(c$$dinf)
    __dInf                                   0x08005620   Data           0  fpconst.o(c$$dinf)
    __huge_val                               0x08005620   Data           0  fpconst.o(c$$dinf)
    __dbl_max                                0x08005628   Data           0  fpconst.o(c$$dmax)
    __ctype                                  0x08005659   Data           0  lc_ctype_c.o(locale$$data)
    uwTickFreq                               0x20000000   Data           1  stm32f1xx_hal.o(.data..L_MergedGlobals)
    uwTickPrio                               0x20000004   Data           4  stm32f1xx_hal.o(.data..L_MergedGlobals)
    SystemCoreClock                          0x20000008   Data           4  system_stm32f1xx.o(.data.SystemCoreClock)
    __libspace_start                         0x20000010   Data          96  libspace.o(.bss)
    __temporary_stack_top$libspace           0x20000070   Data           0  libspace.o(.bss)
    distance                                 0x20000070   Data           2  main.o(.bss..L_MergedGlobals)
    val1                                     0x20000074   Data           4  main.o(.bss..L_MergedGlobals)
    val2                                     0x20000078   Data           4  main.o(.bss..L_MergedGlobals)
    tempValue                                0x2000007c   Data           4  main.o(.bss..L_MergedGlobals)
    string                                   0x20000080   Data          15  main.o(.bss..L_MergedGlobals)
    huart2                                   0x20000090   Data          68  main.o(.bss..L_MergedGlobals)
    hi2c1                                    0x200000d4   Data          84  main.o(.bss.hi2c1)
    htim1                                    0x20000128   Data         180  main.o(.bss.htim1)
    htim4                                    0x200001dc   Data         180  main.o(.bss.htim4)
    uwTick                                   0x20000290   Data           4  stm32f1xx_hal.o(.bss.uwTick)



==============================================================================

Memory Map of the image

  Image Entry point : 0x080000ed

  Load Region LR_IROM1 (Base: 0x08000000, Size: 0x00005770, Max: 0x00010000, ABSOLUTE)

    Execution Region ER_IROM1 (Exec base: 0x08000000, Load base: 0x08000000, Size: 0x0000575c, Max: 0x00010000, ABSOLUTE)

    Exec Addr    Load Addr    Size         Type   Attr      Idx    E Section Name        Object

    0x08000000   0x08000000   0x000000ec   Data   RO            3    RESET               startup_stm32f103xb.o
    0x080000ec   0x080000ec   0x00000008   Code   RO         1077  * !!!main             c_w.l(__main.o)
    0x080000f4   0x080000f4   0x00000034   Code   RO         1424    !!!scatter          c_w.l(__scatter.o)
    0x08000128   0x08000128   0x0000001a   Code   RO         1426    !!handler_copy      c_w.l(__scatter_copy.o)
    0x08000142   0x08000142   0x00000002   PAD
    0x08000144   0x08000144   0x0000001c   Code   RO         1428    !!handler_zi        c_w.l(__scatter_zi.o)
    0x08000160   0x08000160   0x00000000   Code   RO         1074    .ARM.Collect$$_printf_percent$$00000000  c_w.l(_printf_percent.o)
    0x08000160   0x08000160   0x00000006   Code   RO         1073    .ARM.Collect$$_printf_percent$$00000009  c_w.l(_printf_d.o)
    0x08000166   0x08000166   0x00000004   Code   RO         1106    .ARM.Collect$$_printf_percent$$00000017  c_w.l(_printf_percent_end.o)
    0x0800016a   0x0800016a   0x00000002   Code   RO         1173    .ARM.Collect$$libinit$$00000000  c_w.l(libinit.o)
    0x0800016c   0x0800016c   0x00000000   Code   RO         1175    .ARM.Collect$$libinit$$00000002  c_w.l(libinit2.o)
    0x0800016c   0x0800016c   0x00000000   Code   RO         1177    .ARM.Collect$$libinit$$00000004  c_w.l(libinit2.o)
    0x0800016c   0x0800016c   0x00000000   Code   RO         1179    .ARM.Collect$$libinit$$00000006  c_w.l(libinit2.o)
    0x0800016c   0x0800016c   0x00000000   Code   RO         1182    .ARM.Collect$$libinit$$0000000C  c_w.l(libinit2.o)
    0x0800016c   0x0800016c   0x00000000   Code   RO         1184    .ARM.Collect$$libinit$$0000000E  c_w.l(libinit2.o)
    0x0800016c   0x0800016c   0x00000000   Code   RO         1186    .ARM.Collect$$libinit$$00000010  c_w.l(libinit2.o)
    0x0800016c   0x0800016c   0x00000006   Code   RO         1187    .ARM.Collect$$libinit$$00000011  c_w.l(libinit2.o)
    0x08000172   0x08000172   0x00000000   Code   RO         1189    .ARM.Collect$$libinit$$00000013  c_w.l(libinit2.o)
    0x08000172   0x08000172   0x0000000c   Code   RO         1190    .ARM.Collect$$libinit$$00000014  c_w.l(libinit2.o)
    0x0800017e   0x0800017e   0x00000000   Code   RO         1191    .ARM.Collect$$libinit$$00000015  c_w.l(libinit2.o)
    0x0800017e   0x0800017e   0x00000000   Code   RO         1193    .ARM.Collect$$libinit$$00000017  c_w.l(libinit2.o)
    0x0800017e   0x0800017e   0x0000000a   Code   RO         1194    .ARM.Collect$$libinit$$00000018  c_w.l(libinit2.o)
    0x08000188   0x08000188   0x00000000   Code   RO         1195    .ARM.Collect$$libinit$$00000019  c_w.l(libinit2.o)
    0x08000188   0x08000188   0x00000000   Code   RO         1197    .ARM.Collect$$libinit$$0000001B  c_w.l(libinit2.o)
    0x08000188   0x08000188   0x00000000   Code   RO         1199    .ARM.Collect$$libinit$$0000001D  c_w.l(libinit2.o)
    0x08000188   0x08000188   0x00000000   Code   RO         1201    .ARM.Collect$$libinit$$0000001F  c_w.l(libinit2.o)
    0x08000188   0x08000188   0x00000000   Code   RO         1203    .ARM.Collect$$libinit$$00000021  c_w.l(libinit2.o)
    0x08000188   0x08000188   0x00000000   Code   RO         1205    .ARM.Collect$$libinit$$00000023  c_w.l(libinit2.o)
    0x08000188   0x08000188   0x00000000   Code   RO         1207    .ARM.Collect$$libinit$$00000025  c_w.l(libinit2.o)
    0x08000188   0x08000188   0x00000000   Code   RO         1209    .ARM.Collect$$libinit$$00000027  c_w.l(libinit2.o)
    0x08000188   0x08000188   0x00000000   Code   RO         1213    .ARM.Collect$$libinit$$0000002E  c_w.l(libinit2.o)
    0x08000188   0x08000188   0x00000000   Code   RO         1215    .ARM.Collect$$libinit$$00000030  c_w.l(libinit2.o)
    0x08000188   0x08000188   0x00000000   Code   RO         1217    .ARM.Collect$$libinit$$00000032  c_w.l(libinit2.o)
    0x08000188   0x08000188   0x00000000   Code   RO         1219    .ARM.Collect$$libinit$$00000034  c_w.l(libinit2.o)
    0x08000188   0x08000188   0x00000002   Code   RO         1220    .ARM.Collect$$libinit$$00000035  c_w.l(libinit2.o)
    0x0800018a   0x0800018a   0x00000002   Code   RO         1330    .ARM.Collect$$libshutdown$$00000000  c_w.l(libshutdown.o)
    0x0800018c   0x0800018c   0x00000000   Code   RO         1351    .ARM.Collect$$libshutdown$$00000002  c_w.l(libshutdown2.o)
    0x0800018c   0x0800018c   0x00000000   Code   RO         1353    .ARM.Collect$$libshutdown$$00000004  c_w.l(libshutdown2.o)
    0x0800018c   0x0800018c   0x00000000   Code   RO         1356    .ARM.Collect$$libshutdown$$00000007  c_w.l(libshutdown2.o)
    0x0800018c   0x0800018c   0x00000000   Code   RO         1359    .ARM.Collect$$libshutdown$$0000000A  c_w.l(libshutdown2.o)
    0x0800018c   0x0800018c   0x00000000   Code   RO         1361    .ARM.Collect$$libshutdown$$0000000C  c_w.l(libshutdown2.o)
    0x0800018c   0x0800018c   0x00000000   Code   RO         1364    .ARM.Collect$$libshutdown$$0000000F  c_w.l(libshutdown2.o)
    0x0800018c   0x0800018c   0x00000002   Code   RO         1365    .ARM.Collect$$libshutdown$$00000010  c_w.l(libshutdown2.o)
    0x0800018e   0x0800018e   0x00000000   Code   RO         1097    .ARM.Collect$$rtentry$$00000000  c_w.l(__rtentry.o)
    0x0800018e   0x0800018e   0x00000000   Code   RO         1121    .ARM.Collect$$rtentry$$00000002  c_w.l(__rtentry2.o)
    0x0800018e   0x0800018e   0x00000006   Code   RO         1133    .ARM.Collect$$rtentry$$00000004  c_w.l(__rtentry4.o)
    0x08000194   0x08000194   0x00000000   Code   RO         1123    .ARM.Collect$$rtentry$$00000009  c_w.l(__rtentry2.o)
    0x08000194   0x08000194   0x00000004   Code   RO         1124    .ARM.Collect$$rtentry$$0000000A  c_w.l(__rtentry2.o)
    0x08000198   0x08000198   0x00000000   Code   RO         1126    .ARM.Collect$$rtentry$$0000000C  c_w.l(__rtentry2.o)
    0x08000198   0x08000198   0x00000008   Code   RO         1127    .ARM.Collect$$rtentry$$0000000D  c_w.l(__rtentry2.o)
    0x080001a0   0x080001a0   0x00000002   Code   RO         1221    .ARM.Collect$$rtexit$$00000000  c_w.l(rtexit.o)
    0x080001a2   0x080001a2   0x00000000   Code   RO         1286    .ARM.Collect$$rtexit$$00000002  c_w.l(rtexit2.o)
    0x080001a2   0x080001a2   0x00000004   Code   RO         1287    .ARM.Collect$$rtexit$$00000003  c_w.l(rtexit2.o)
    0x080001a6   0x080001a6   0x00000006   Code   RO         1288    .ARM.Collect$$rtexit$$00000004  c_w.l(rtexit2.o)
    0x080001ac   0x080001ac   0x00000040   Code   RO            4    .text               startup_stm32f103xb.o
    0x080001ec   0x080001ec   0x00000028   Code   RO         1047    .text               c_w.l(noretval__2sprintf.o)
    0x08000214   0x08000214   0x00000068   Code   RO         1049    .text               c_w.l(__printf.o)
    0x0800027c   0x0800027c   0x00000078   Code   RO         1051    .text               c_w.l(_printf_dec.o)
    0x080002f4   0x080002f4   0x00000006   Code   RO         1075    .text               c_w.l(heapauxi.o)
    0x080002fa   0x080002fa   0x00000016   Code   RO         1098    .text               c_w.l(_rserrno.o)
    0x08000310   0x08000310   0x000000b2   Code   RO         1100    .text               c_w.l(_printf_intcommon.o)
    0x080003c2   0x080003c2   0x00000002   PAD
    0x080003c4   0x080003c4   0x00000030   Code   RO         1102    .text               c_w.l(_printf_char_common.o)
    0x080003f4   0x080003f4   0x0000000a   Code   RO         1104    .text               c_w.l(_sputc.o)
    0x080003fe   0x080003fe   0x00000002   PAD
    0x08000400   0x08000400   0x000000b0   Code   RO         1107    .text               c_w.l(strtod.o)
    0x080004b0   0x080004b0   0x00000008   Code   RO         1138    .text               c_w.l(rt_errno_addr_intlibspace.o)
    0x080004b8   0x080004b8   0x00000012   Code   RO         1140    .text               c_w.l(isspace.o)
    0x080004ca   0x080004ca   0x00000040   Code   RO         1144    .text               c_w.l(_sgetc.o)
    0x0800050a   0x0800050a   0x00000002   PAD
    0x0800050c   0x0800050c   0x00000008   Code   RO         1153    .text               c_w.l(libspace.o)
    0x08000514   0x08000514   0x0000004a   Code   RO         1156    .text               c_w.l(sys_stackheap_outer.o)
    0x0800055e   0x0800055e   0x00000002   PAD
    0x08000560   0x08000560   0x00000010   Code   RO         1158    .text               c_w.l(rt_ctype_table.o)
    0x08000570   0x08000570   0x000004f8   Code   RO         1160    .text               c_w.l(scanf_fp.o)
    0x08000a68   0x08000a68   0x00000012   Code   RO         1164    .text               c_w.l(exit.o)
    0x08000a7a   0x08000a7a   0x00000002   PAD
    0x08000a7c   0x08000a7c   0x00000080   Code   RO         1166    .text               c_w.l(strcmpv7m.o)
    0x08000afc   0x08000afc   0x00000008   Code   RO         1226    .text               c_w.l(rt_locale_intlibspace.o)
    0x08000b04   0x08000b04   0x00000026   Code   RO         1228    .text               c_w.l(llshl.o)
    0x08000b2a   0x08000b2a   0x00000002   PAD
    0x08000b2c   0x08000b2c   0x000000e4   Code   RO         1230    .text               c_w.l(bigflt0.o)
    0x08000c10   0x08000c10   0x00000320   Code   RO         1292    .text               c_w.l(scanf_hexfp.o)
    0x08000f30   0x08000f30   0x00000134   Code   RO         1294    .text               c_w.l(scanf_infnan.o)
    0x08001064   0x08001064   0x0000000c   Code   RO         1312    .text               c_w.l(sys_exit.o)
    0x08001070   0x08001070   0x0000001c   Code   RO         1322    .text               c_w.l(_chval.o)
    0x0800108c   0x0800108c   0x00000002   Code   RO         1341    .text               c_w.l(use_no_semi.o)
    0x0800108e   0x0800108e   0x00000000   Code   RO         1343    .text               c_w.l(indicate_semi.o)
    0x0800108e   0x0800108e   0x00000002   PAD
    0x08001090   0x08001090   0x00000002   Code   RO           55    .text.BusFault_Handler  stm32f1xx_it.o
    0x08001092   0x08001092   0x00000002   PAD
    0x08001094   0x08001094   0x00000002   Code   RO           61    .text.DebugMon_Handler  stm32f1xx_it.o
    0x08001096   0x08001096   0x00000002   PAD
    0x08001098   0x08001098   0x00000046   Code   RO          398    .text.HAL_DMA_Abort  stm32f1xx_hal_dma.o
    0x080010de   0x080010de   0x00000002   PAD
    0x080010e0   0x080010e0   0x000000aa   Code   RO          400    .text.HAL_DMA_Abort_IT  stm32f1xx_hal_dma.o
    0x0800118a   0x0800118a   0x00000002   PAD
    0x0800118c   0x0800118c   0x00000006   Code   RO          410    .text.HAL_DMA_GetState  stm32f1xx_hal_dma.o
    0x08001192   0x08001192   0x00000002   PAD
    0x08001194   0x08001194   0x00000028   Code   RO          274    .text.HAL_Delay     stm32f1xx_hal.o
    0x080011bc   0x080011bc   0x00000212   Code   RO          366    .text.HAL_GPIO_Init  stm32f1xx_hal_gpio.o
    0x080013ce   0x080013ce   0x00000002   PAD
    0x080013d0   0x080013d0   0x0000000a   Code   RO          370    .text.HAL_GPIO_ReadPin  stm32f1xx_hal_gpio.o
    0x080013da   0x080013da   0x00000002   PAD
    0x080013dc   0x080013dc   0x0000000a   Code   RO          372    .text.HAL_GPIO_WritePin  stm32f1xx_hal_gpio.o
    0x080013e6   0x080013e6   0x00000002   PAD
    0x080013e8   0x080013e8   0x0000000c   Code   RO          266    .text.HAL_GetTick   stm32f1xx_hal.o
    0x080013f4   0x080013f4   0x00000002   Code   RO          236    .text.HAL_I2C_AbortCpltCallback  stm32f1xx_hal_i2c.o
    0x080013f6   0x080013f6   0x00000002   PAD
    0x080013f8   0x080013f8   0x00000002   Code   RO          226    .text.HAL_I2C_AddrCallback  stm32f1xx_hal_i2c.o
    0x080013fa   0x080013fa   0x00000002   PAD
    0x080013fc   0x080013fc   0x0000014c   Code   RO          216    .text.HAL_I2C_ER_IRQHandler  stm32f1xx_hal_i2c.o
    0x08001548   0x08001548   0x00000660   Code   RO          204    .text.HAL_I2C_EV_IRQHandler  stm32f1xx_hal_i2c.o
    0x08001ba8   0x08001ba8   0x00000002   Code   RO          234    .text.HAL_I2C_ErrorCallback  stm32f1xx_hal_i2c.o
    0x08001baa   0x08001baa   0x00000002   PAD
    0x08001bac   0x08001bac   0x00000176   Code   RO          120    .text.HAL_I2C_Init  stm32f1xx_hal_i2c.o
    0x08001d22   0x08001d22   0x00000002   PAD
    0x08001d24   0x08001d24   0x00000002   Code   RO          228    .text.HAL_I2C_ListenCpltCallback  stm32f1xx_hal_i2c.o
    0x08001d26   0x08001d26   0x00000002   PAD
    0x08001d28   0x08001d28   0x00000002   Code   RO          220    .text.HAL_I2C_MasterRxCpltCallback  stm32f1xx_hal_i2c.o
    0x08001d2a   0x08001d2a   0x00000002   PAD
    0x08001d2c   0x08001d2c   0x00000002   Code   RO          218    .text.HAL_I2C_MasterTxCpltCallback  stm32f1xx_hal_i2c.o
    0x08001d2e   0x08001d2e   0x00000002   PAD
    0x08001d30   0x08001d30   0x00000478   Code   RO          128    .text.HAL_I2C_Master_Transmit  stm32f1xx_hal_i2c.o
    0x080021a8   0x080021a8   0x00000002   Code   RO          232    .text.HAL_I2C_MemRxCpltCallback  stm32f1xx_hal_i2c.o
    0x080021aa   0x080021aa   0x00000002   PAD
    0x080021ac   0x080021ac   0x00000002   Code   RO          230    .text.HAL_I2C_MemTxCpltCallback  stm32f1xx_hal_i2c.o
    0x080021ae   0x080021ae   0x00000002   PAD
    0x080021b0   0x080021b0   0x0000009a   Code   RO           84    .text.HAL_I2C_MspInit  stm32f1xx_hal_msp.o
    0x0800224a   0x0800224a   0x00000002   PAD
    0x0800224c   0x0800224c   0x00000002   Code   RO          224    .text.HAL_I2C_SlaveRxCpltCallback  stm32f1xx_hal_i2c.o
    0x0800224e   0x0800224e   0x00000002   PAD
    0x08002250   0x08002250   0x00000002   Code   RO          222    .text.HAL_I2C_SlaveTxCpltCallback  stm32f1xx_hal_i2c.o
    0x08002252   0x08002252   0x00000002   PAD
    0x08002254   0x08002254   0x0000001a   Code   RO          264    .text.HAL_IncTick   stm32f1xx_hal.o
    0x0800226e   0x0800226e   0x00000002   PAD
    0x08002270   0x08002270   0x00000026   Code   RO          254    .text.HAL_Init      stm32f1xx_hal.o
    0x08002296   0x08002296   0x00000002   PAD
    0x08002298   0x08002298   0x00000048   Code   RO          256    .text.HAL_InitTick  stm32f1xx_hal.o
    0x080022e0   0x080022e0   0x00000054   Code   RO           82    .text.HAL_MspInit   stm32f1xx_hal_msp.o
    0x08002334   0x08002334   0x00000020   Code   RO          426    .text.HAL_NVIC_EnableIRQ  stm32f1xx_hal_cortex.o
    0x08002354   0x08002354   0x00000056   Code   RO          424    .text.HAL_NVIC_SetPriority  stm32f1xx_hal_cortex.o
    0x080023aa   0x080023aa   0x00000002   PAD
    0x080023ac   0x080023ac   0x00000020   Code   RO          422    .text.HAL_NVIC_SetPriorityGrouping  stm32f1xx_hal_cortex.o
    0x080023cc   0x080023cc   0x000001be   Code   RO          318    .text.HAL_RCC_ClockConfig  stm32f1xx_hal_rcc.o
    0x0800258a   0x0800258a   0x00000002   PAD
    0x0800258c   0x0800258c   0x00000026   Code   RO          330    .text.HAL_RCC_GetPCLK1Freq  stm32f1xx_hal_rcc.o
    0x080025b2   0x080025b2   0x00000002   PAD
    0x080025b4   0x080025b4   0x00000026   Code   RO          332    .text.HAL_RCC_GetPCLK2Freq  stm32f1xx_hal_rcc.o
    0x080025da   0x080025da   0x00000002   PAD
    0x080025dc   0x080025dc   0x000003b4   Code   RO          316    .text.HAL_RCC_OscConfig  stm32f1xx_hal_rcc.o
    0x08002990   0x08002990   0x0000002c   Code   RO          434    .text.HAL_SYSTICK_Config  stm32f1xx_hal_cortex.o
    0x080029bc   0x080029bc   0x00000002   Code   RO          897    .text.HAL_TIMEx_BreakCallback  stm32f1xx_hal_tim_ex.o
    0x080029be   0x080029be   0x00000002   PAD
    0x080029c0   0x080029c0   0x00000002   Code   RO          893    .text.HAL_TIMEx_CommutCallback  stm32f1xx_hal_tim_ex.o
    0x080029c2   0x080029c2   0x00000002   PAD
    0x080029c4   0x080029c4   0x00000002   Code   RO          895    .text.HAL_TIMEx_CommutHalfCpltCallback  stm32f1xx_hal_tim_ex.o
    0x080029c6   0x080029c6   0x00000002   PAD
    0x080029c8   0x080029c8   0x0000007a   Code   RO          887    .text.HAL_TIMEx_MasterConfigSynchronization  stm32f1xx_hal_tim_ex.o
    0x08002a42   0x08002a42   0x00000002   PAD
    0x08002a44   0x08002a44   0x00000186   Code   RO          587    .text.HAL_TIM_Base_Init  stm32f1xx_hal_tim.o
    0x08002bca   0x08002bca   0x00000002   PAD
    0x08002bcc   0x08002bcc   0x0000005a   Code   RO           88    .text.HAL_TIM_Base_MspInit  stm32f1xx_hal_msp.o
    0x08002c26   0x08002c26   0x00000002   PAD
    0x08002c28   0x08002c28   0x00000066   Code   RO          599    .text.HAL_TIM_Base_Start  stm32f1xx_hal_tim.o
    0x08002c8e   0x08002c8e   0x00000002   PAD
    0x08002c90   0x08002c90   0x00000192   Code   RO          759    .text.HAL_TIM_ConfigClockSource  stm32f1xx_hal_tim.o
    0x08002e22   0x08002e22   0x00000002   PAD
    0x08002e24   0x08002e24   0x00000002   Code   RO          789    .text.HAL_TIM_ErrorCallback  stm32f1xx_hal_tim.o
    0x08002e26   0x08002e26   0x00000002   PAD
    0x08002e28   0x08002e28   0x00000002   Code   RO          777    .text.HAL_TIM_IC_CaptureCallback  stm32f1xx_hal_tim.o
    0x08002e2a   0x08002e2a   0x00000002   PAD
    0x08002e2c   0x08002e2c   0x00000002   Code   RO          779    .text.HAL_TIM_IC_CaptureHalfCpltCallback  stm32f1xx_hal_tim.o
    0x08002e2e   0x08002e2e   0x00000002   PAD
    0x08002e30   0x08002e30   0x0000004e   Code   RO           90    .text.HAL_TIM_MspPostInit  stm32f1xx_hal_msp.o
    0x08002e7e   0x08002e7e   0x00000002   PAD
    0x08002e80   0x08002e80   0x00000002   Code   RO          775    .text.HAL_TIM_OC_DelayElapsedCallback  stm32f1xx_hal_tim.o
    0x08002e82   0x08002e82   0x00000002   PAD
    0x08002e84   0x08002e84   0x000001f2   Code   RO          733    .text.HAL_TIM_PWM_ConfigChannel  stm32f1xx_hal_tim.o
    0x08003076   0x08003076   0x00000002   PAD
    0x08003078   0x08003078   0x00000186   Code   RO          643    .text.HAL_TIM_PWM_Init  stm32f1xx_hal_tim.o
    0x080031fe   0x080031fe   0x00000002   PAD
    0x08003200   0x08003200   0x00000002   Code   RO          645    .text.HAL_TIM_PWM_MspInit  stm32f1xx_hal_tim.o
    0x08003202   0x08003202   0x00000002   PAD
    0x08003204   0x08003204   0x00000002   Code   RO          781    .text.HAL_TIM_PWM_PulseFinishedCallback  stm32f1xx_hal_tim.o
    0x08003206   0x08003206   0x00000002   PAD
    0x08003208   0x08003208   0x00000002   Code   RO          783    .text.HAL_TIM_PWM_PulseFinishedHalfCpltCallback  stm32f1xx_hal_tim.o
    0x0800320a   0x0800320a   0x00000002   PAD
    0x0800320c   0x0800320c   0x000000de   Code   RO          651    .text.HAL_TIM_PWM_Start  stm32f1xx_hal_tim.o
    0x080032ea   0x080032ea   0x00000002   PAD
    0x080032ec   0x080032ec   0x00000002   Code   RO          771    .text.HAL_TIM_PeriodElapsedCallback  stm32f1xx_hal_tim.o
    0x080032ee   0x080032ee   0x00000002   PAD
    0x080032f0   0x080032f0   0x00000002   Code   RO          773    .text.HAL_TIM_PeriodElapsedHalfCpltCallback  stm32f1xx_hal_tim.o
    0x080032f2   0x080032f2   0x00000002   PAD
    0x080032f4   0x080032f4   0x00000002   Code   RO          785    .text.HAL_TIM_TriggerCallback  stm32f1xx_hal_tim.o
    0x080032f6   0x080032f6   0x00000002   PAD
    0x080032f8   0x080032f8   0x00000002   Code   RO          787    .text.HAL_TIM_TriggerHalfCpltCallback  stm32f1xx_hal_tim.o
    0x080032fa   0x080032fa   0x00000002   PAD
    0x080032fc   0x080032fc   0x00000002   Code   RO          993    .text.HAL_UARTEx_RxEventCallback  stm32f1xx_hal_uart.o
    0x080032fe   0x080032fe   0x00000002   PAD
    0x08003300   0x08003300   0x00000002   Code   RO          991    .text.HAL_UART_ErrorCallback  stm32f1xx_hal_uart.o
    0x08003302   0x08003302   0x00000002   PAD
    0x08003304   0x08003304   0x0000026c   Code   RO          985    .text.HAL_UART_IRQHandler  stm32f1xx_hal_uart.o
    0x08003570   0x08003570   0x000000dc   Code   RO          911    .text.HAL_UART_Init  stm32f1xx_hal_uart.o
    0x0800364c   0x0800364c   0x00000086   Code   RO           94    .text.HAL_UART_MspInit  stm32f1xx_hal_msp.o
    0x080036d2   0x080036d2   0x00000002   PAD
    0x080036d4   0x080036d4   0x00000002   Code   RO          999    .text.HAL_UART_RxCpltCallback  stm32f1xx_hal_uart.o
    0x080036d6   0x080036d6   0x00000002   PAD
    0x080036d8   0x080036d8   0x00000002   Code   RO          995    .text.HAL_UART_TxCpltCallback  stm32f1xx_hal_uart.o
    0x080036da   0x080036da   0x00000002   PAD
    0x080036dc   0x080036dc   0x00000002   Code   RO           51    .text.HardFault_Handler  stm32f1xx_it.o
    0x080036de   0x080036de   0x00000002   PAD
    0x080036e0   0x080036e0   0x0000000c   Code   RO           71    .text.I2C1_ER_IRQHandler  stm32f1xx_it.o
    0x080036ec   0x080036ec   0x0000000c   Code   RO           69    .text.I2C1_EV_IRQHandler  stm32f1xx_it.o
    0x080036f8   0x080036f8   0x00000122   Code   RO          190    .text.I2C_DMAAbort  stm32f1xx_hal_i2c.o
    0x0800381a   0x0800381a   0x00000002   PAD
    0x0800381c   0x0800381c   0x0000018c   Code   RO          202    .text.I2C_ITError   stm32f1xx_hal_i2c.o
    0x080039a8   0x080039a8   0x000000e8   Code   RO          214    .text.I2C_MasterReceive_BTF  stm32f1xx_hal_i2c.o
    0x08003a90   0x08003a90   0x00000136   Code   RO          212    .text.I2C_MasterReceive_RXNE  stm32f1xx_hal_i2c.o
    0x08003bc6   0x08003bc6   0x00000002   PAD
    0x08003bc8   0x08003bc8   0x00000082   Code   RO          208    .text.I2C_MasterTransmit_BTF  stm32f1xx_hal_i2c.o
    0x08003c4a   0x08003c4a   0x00000002   PAD
    0x08003c4c   0x08003c4c   0x000000b2   Code   RO          206    .text.I2C_MasterTransmit_TXE  stm32f1xx_hal_i2c.o
    0x08003cfe   0x08003cfe   0x00000002   PAD
    0x08003d00   0x08003d00   0x000000b4   Code   RO          210    .text.I2C_MemoryTransmit_TXE_BTF  stm32f1xx_hal_i2c.o
    0x08003db4   0x08003db4   0x00000002   Code   RO           53    .text.MemManage_Handler  stm32f1xx_it.o
    0x08003db6   0x08003db6   0x00000002   PAD
    0x08003db8   0x08003db8   0x00000002   Code   RO           49    .text.NMI_Handler   stm32f1xx_it.o
    0x08003dba   0x08003dba   0x00000002   PAD
    0x08003dbc   0x08003dbc   0x00000002   Code   RO           63    .text.PendSV_Handler  stm32f1xx_it.o
    0x08003dbe   0x08003dbe   0x00000002   PAD
    0x08003dc0   0x08003dc0   0x00000002   Code   RO           67    .text.RCC_IRQHandler  stm32f1xx_it.o
    0x08003dc2   0x08003dc2   0x00000002   PAD
    0x08003dc4   0x08003dc4   0x00000002   Code   RO           59    .text.SVC_Handler   stm32f1xx_it.o
    0x08003dc6   0x08003dc6   0x00000002   PAD
    0x08003dc8   0x08003dc8   0x00000004   Code   RO           65    .text.SysTick_Handler  stm32f1xx_it.o
    0x08003dcc   0x08003dcc   0x00000002   Code   RO         1029    .text.SystemInit    system_stm32f1xx.o
    0x08003dce   0x08003dce   0x00000002   PAD
    0x08003dd0   0x08003dd0   0x0000000c   Code   RO          989    .text.UART_DMAAbortOnError  stm32f1xx_hal_uart.o
    0x08003ddc   0x08003ddc   0x000000b6   Code   RO          987    .text.UART_Receive_IT  stm32f1xx_hal_uart.o
    0x08003e92   0x08003e92   0x00000002   PAD
    0x08003e94   0x08003e94   0x0000000c   Code   RO           73    .text.USART2_IRQHandler  stm32f1xx_it.o
    0x08003ea0   0x08003ea0   0x00000002   Code   RO           57    .text.UsageFault_Handler  stm32f1xx_it.o
    0x08003ea2   0x08003ea2   0x00000002   PAD
    0x08003ea4   0x08003ea4   0x00000054   Code   RO           15    .text.lcd_clear     i2c-lcd.o
    0x08003ef8   0x08003ef8   0x00000116   Code   RO           19    .text.lcd_init      i2c-lcd.o
    0x0800400e   0x0800400e   0x00000002   PAD
    0x08004010   0x08004010   0x0000005a   Code   RO           17    .text.lcd_put_cur   i2c-lcd.o
    0x0800406a   0x0800406a   0x00000002   PAD
    0x0800406c   0x0800406c   0x00000056   Code   RO           21    .text.lcd_send_string  i2c-lcd.o
    0x080040c2   0x080040c2   0x00000002   PAD
    0x080040c4   0x080040c4   0x00000458   Code   RO           31    .text.main          main.o
    0x0800451c   0x0800451c   0x00000338   Code   RO         1243    CL$$btod_div_common  c_w.l(btod.o)
    0x08004854   0x08004854   0x00000084   Code   RO         1241    CL$$btod_e2d        c_w.l(btod.o)
    0x080048d8   0x080048d8   0x000000dc   Code   RO         1240    CL$$btod_e2e        c_w.l(btod.o)
    0x080049b4   0x080049b4   0x0000002a   Code   RO         1237    CL$$btod_ediv       c_w.l(btod.o)
    0x080049de   0x080049de   0x0000002a   Code   RO         1239    CL$$btod_edivd      c_w.l(btod.o)
    0x08004a08   0x08004a08   0x0000002a   Code   RO         1236    CL$$btod_emul       c_w.l(btod.o)
    0x08004a32   0x08004a32   0x0000002a   Code   RO         1238    CL$$btod_emuld      c_w.l(btod.o)
    0x08004a5c   0x08004a5c   0x00000244   Code   RO         1242    CL$$btod_mult_common  c_w.l(btod.o)
    0x08004ca0   0x08004ca0   0x0000000e   Code   RO         1372    i.__mathlib_dbl_overflow  m_ws.l(dunder.o)
    0x08004cae   0x08004cae   0x00000002   PAD
    0x08004cb0   0x08004cb0   0x00000010   Code   RO         1374    i.__mathlib_dbl_underflow  m_ws.l(dunder.o)
    0x08004cc0   0x08004cc0   0x00000010   Code   RO         1279    i.__mathlib_narrow  m_ws.l(narrow.o)
    0x08004cd0   0x08004cd0   0x000000bc   Code   RO         1280    i.__mathlib_tofloat  m_ws.l(narrow.o)
    0x08004d8c   0x08004d8c   0x00000016   Code   RO         1336    i.__support_ldexp   m_ws.l(ldexp.o)
    0x08004da2   0x08004da2   0x0000000e   Code   RO         1063    i._is_digit         c_w.l(__printf_wp.o)
    0x08004db0   0x08004db0   0x0000002c   Code   RO         1094    i.atof              m_ws.l(atof.o)
    0x08004ddc   0x08004ddc   0x00000058   Code   RO         1307    i.frexp             m_ws.l(frexp.o)
    0x08004e34   0x08004e34   0x00000074   Code   RO         1337    i.ldexp             m_ws.l(ldexp.o)
    0x08004ea8   0x08004ea8   0x0000002c   Code   RO         1147    locale$$code        c_w.l(lc_numeric_c.o)
    0x08004ed4   0x08004ed4   0x0000002c   Code   RO         1259    locale$$code        c_w.l(lc_ctype_c.o)
    0x08004f00   0x08004f00   0x00000062   Code   RO         1302    x$fpl$d2f           fz_ws.l(d2f.o)
    0x08004f62   0x08004f62   0x00000002   PAD
    0x08004f64   0x08004f64   0x00000010   Code   RO         1366    x$fpl$dcheck1       fz_ws.l(dcheck1.o)
    0x08004f74   0x08004f74   0x00000018   Code   RO         1149    x$fpl$dcmpinf       fz_ws.l(dcmpi.o)
    0x08004f8c   0x08004f8c   0x00000078   Code   RO         1109    x$fpl$deqf          fz_ws.l(deqf.o)
    0x08005004   0x08005004   0x0000005e   Code   RO         1081    x$fpl$dfix          fz_ws.l(dfix.o)
    0x08005062   0x08005062   0x00000026   Code   RO         1085    x$fpl$dfltu         fz_ws.l(dflt_clz.o)
    0x08005088   0x08005088   0x00000078   Code   RO         1111    x$fpl$dgeqf         fz_ws.l(dgeqf.o)
    0x08005100   0x08005100   0x00000078   Code   RO         1113    x$fpl$dleqf         fz_ws.l(dleqf.o)
    0x08005178   0x08005178   0x00000154   Code   RO         1091    x$fpl$dmul          fz_ws.l(dmul.o)
    0x080052cc   0x080052cc   0x0000009c   Code   RO         1115    x$fpl$dnaninf       fz_ws.l(dnaninf.o)
    0x08005368   0x08005368   0x0000000c   Code   RO         1117    x$fpl$dretinf       fz_ws.l(dretinf.o)
    0x08005374   0x08005374   0x0000006c   Code   RO         1304    x$fpl$drleqf        fz_ws.l(drleqf.o)
    0x080053e0   0x080053e0   0x00000054   Code   RO         1079    x$fpl$fcmp          fz_ws.l(dcmp.o)
    0x08005434   0x08005434   0x0000000a   Code   RO         1331    x$fpl$fretinf       fz_ws.l(fretinf.o)
    0x0800543e   0x0800543e   0x00000006   Code   RO         1271    x$fpl$ieeestatus    fz_ws.l(istatus.o)
    0x08005444   0x08005444   0x00000064   Code   RO         1396    x$fpl$retnan        fz_ws.l(retnan.o)
    0x080054a8   0x080054a8   0x0000005c   Code   RO         1333    x$fpl$scalbn        fz_ws.l(scalbn.o)
    0x08005504   0x08005504   0x00000004   Code   RO         1151    x$fpl$scanf1        fz_ws.l(scanf1.o)
    0x08005508   0x08005508   0x00000008   Code   RO         1273    x$fpl$scanf2        fz_ws.l(scanf2.o)
    0x08005510   0x08005510   0x00000030   Code   RO         1404    x$fpl$trapveneer    fz_ws.l(trapv.o)
    0x08005540   0x08005540   0x00000000   Code   RO         1119    x$fpl$usenofp       fz_ws.l(usenofp.o)
    0x08005540   0x08005540   0x00000094   Data   RO         1231    .constdata          c_w.l(bigflt0.o)
    0x080055d4   0x080055d4   0x00000002   Data   RO          343    .rodata..L__const.HAL_RCC_GetSysClockFreq.aPredivFactorTable  stm32f1xx_hal_rcc.o
    0x080055d6   0x080055d6   0x00000010   Data   RO         1034    .rodata.AHBPrescTable  system_stm32f1xx.o
    0x080055e6   0x080055e6   0x00000008   Data   RO         1035    .rodata.APBPrescTable  system_stm32f1xx.o
    0x080055ee   0x080055ee   0x00000010   Data   RO          342    .rodata.cst16       stm32f1xx_hal_rcc.o
    0x080055fe   0x080055fe   0x00000002   PAD
    0x08005600   0x08005600   0x00000020   Data   RO         1423    Region$$Table       anon$$obj.o
    0x08005620   0x08005620   0x00000008   Data   RO         1265    c$$dinf             fz_ws.l(fpconst.o)
    0x08005628   0x08005628   0x00000008   Data   RO         1268    c$$dmax             fz_ws.l(fpconst.o)
    0x08005630   0x08005630   0x0000001c   Data   RO         1146    locale$$data        c_w.l(lc_numeric_c.o)
    0x0800564c   0x0800564c   0x00000110   Data   RO         1258    locale$$data        c_w.l(lc_ctype_c.o)


    Execution Region RW_IRAM1 (Exec base: 0x20000000, Load base: 0x08005760, Size: 0x00000898, Max: 0x00005000, ABSOLUTE)

    Exec Addr    Load Addr    Size         Type   Attr      Idx    E Section Name        Object

    0x20000000   0x08005760   0x00000008   Data   RW          305    .data..L_MergedGlobals  stm32f1xx_hal.o
    0x20000008   0x08005768   0x00000004   Data   RW         1033    .data.SystemCoreClock  system_stm32f1xx.o
    0x2000000c   0x0800576c   0x00000004   PAD
    0x20000010        -       0x00000060   Zero   RW         1154    .bss                c_w.l(libspace.o)
    0x20000070        -       0x00000064   Zero   RW           41    .bss..L_MergedGlobals  main.o
    0x200000d4        -       0x00000054   Zero   RW           39    .bss.hi2c1          main.o
    0x20000128        -       0x000000b4   Zero   RW           37    .bss.htim1          main.o
    0x200001dc        -       0x000000b4   Zero   RW           38    .bss.htim4          main.o
    0x20000290        -       0x00000004   Zero   RW          304    .bss.uwTick         stm32f1xx_hal.o
    0x20000294   0x0800576c   0x00000004   PAD
    0x20000298        -       0x00000200   Zero   RW            2    HEAP                startup_stm32f103xb.o
    0x20000498        -       0x00000400   Zero   RW            1    STACK               startup_stm32f103xb.o


==============================================================================

Image component sizes


      Code (inc. data)   RO Data    RW Data    ZI Data      Debug   Object Name

       538          0          0          0          0       4016   i2c-lcd.o
      1112         12          0          0        544      10669   main.o
        64         26        236          0       1536        792   startup_stm32f103xb.o
       188          0          0          8          4       5742   stm32f1xx_hal.o
       194          0          0          0          0       8468   stm32f1xx_hal_cortex.o
       246          0          0          0          0       8383   stm32f1xx_hal_dma.o
       550         22          0          0          0       4588   stm32f1xx_hal_gpio.o
      5218         16          0          0          0      53241   stm32f1xx_hal_i2c.o
       540          0          0          0          0      10743   stm32f1xx_hal_msp.o
      1470          0         18          0          0       7642   stm32f1xx_hal_rcc.o
      2026          4          0          0          0      59533   stm32f1xx_hal_tim.o
       128          0          0          0          0      21483   stm32f1xx_hal_tim_ex.o
      1042          0          0          0          0      23581   stm32f1xx_hal_uart.o
        58          0          0          0          0       5362   stm32f1xx_it.o
         2          0         24          4          0       1622   system_stm32f1xx.o

    ----------------------------------------------------------------------
     13516         80        312         12       2092     225865   Object Totals
         0          0         32          0          0          0   (incl. Generated)
       140          0          2          0          8          0   (incl. Padding)

    ----------------------------------------------------------------------

      Code (inc. data)   RO Data    RW Data    ZI Data      Debug   Library Member Name

         8          0          0          0          0         68   __main.o
       104          0          0          0          0         84   __printf.o
        14          0          0          0          0         68   __printf_wp.o
         0          0          0          0          0          0   __rtentry.o
        12          0          0          0          0          0   __rtentry2.o
         6          0          0          0          0          0   __rtentry4.o
        52          8          0          0          0          0   __scatter.o
        26          0          0          0          0          0   __scatter_copy.o
        28          0          0          0          0          0   __scatter_zi.o
        28          0          0          0          0         68   _chval.o
        48          6          0          0          0         96   _printf_char_common.o
         6          0          0          0          0          0   _printf_d.o
       120         16          0          0          0         92   _printf_dec.o
       178          0          0          0          0         88   _printf_intcommon.o
         0          0          0          0          0          0   _printf_percent.o
         4          0          0          0          0          0   _printf_percent_end.o
        22          0          0          0          0        100   _rserrno.o
        64          0          0          0          0         84   _sgetc.o
        10          0          0          0          0         68   _sputc.o
       228          4        148          0          0         96   bigflt0.o
      1924        136          0          0          0        752   btod.o
        18          0          0          0          0         80   exit.o
         6          0          0          0          0        152   heapauxi.o
         0          0          0          0          0          0   indicate_semi.o
        18          0          0          0          0         76   isspace.o
        44         10        272          0          0         76   lc_ctype_c.o
        44         10         28          0          0         76   lc_numeric_c.o
         2          0          0          0          0          0   libinit.o
        30          0          0          0          0          0   libinit2.o
         2          0          0          0          0          0   libshutdown.o
         2          0          0          0          0          0   libshutdown2.o
         8          4          0          0         96         68   libspace.o
        38          0          0          0          0         68   llshl.o
        40          6          0          0          0         84   noretval__2sprintf.o
        16          4          0          0          0         76   rt_ctype_table.o
         8          4          0          0          0         68   rt_errno_addr_intlibspace.o
         8          4          0          0          0         68   rt_locale_intlibspace.o
         2          0          0          0          0          0   rtexit.o
        10          0          0          0          0          0   rtexit2.o
      1272         16          0          0          0        168   scanf_fp.o
       800         14          0          0          0        100   scanf_hexfp.o
       308         16          0          0          0        100   scanf_infnan.o
       128          0          0          0          0         68   strcmpv7m.o
       176         14          0          0          0        124   strtod.o
        12          4          0          0          0         68   sys_exit.o
        74          0          0          0          0         80   sys_stackheap_outer.o
         2          0          0          0          0         68   use_no_semi.o
        98          4          0          0          0         92   d2f.o
        16          4          0          0          0         68   dcheck1.o
        84          0          0          0          0        196   dcmp.o
        24          0          0          0          0         68   dcmpi.o
       120          4          0          0          0         92   deqf.o
        94          4          0          0          0         92   dfix.o
        38          0          0          0          0         68   dflt_clz.o
       120          4          0          0          0         92   dgeqf.o
       120          4          0          0          0         92   dleqf.o
       340         12          0          0          0        104   dmul.o
       156          4          0          0          0         92   dnaninf.o
        12          0          0          0          0         68   dretinf.o
       108          0          0          0          0         80   drleqf.o
         0          0         16          0          0          0   fpconst.o
        10          0          0          0          0         68   fretinf.o
         6          0          0          0          0         68   istatus.o
       100          0          0          0          0         68   retnan.o
        92          0          0          0          0         68   scalbn.o
         4          0          0          0          0         68   scanf1.o
         8          0          0          0          0         84   scanf2.o
        48          0          0          0          0         68   trapv.o
         0          0          0          0          0          0   usenofp.o
        44          0          0          0          0         84   atof.o
        30          6          0          0          0        136   dunder.o
        88          8          0          0          0         76   frexp.o
       138          0          0          0          0        160   ldexp.o
       204          4          0          0          0        168   narrow.o

    ----------------------------------------------------------------------
      8072        334        464          0         96       5652   Library Totals
        20          0          0          0          0          0   (incl. Padding)

    ----------------------------------------------------------------------

      Code (inc. data)   RO Data    RW Data    ZI Data      Debug   Library Name

      5950        276        448          0         96       3332   c_w.l
      1598         40         16          0          0       1696   fz_ws.l
       504         18          0          0          0        624   m_ws.l

    ----------------------------------------------------------------------
      8072        334        464          0         96       5652   Library Totals

    ----------------------------------------------------------------------

==============================================================================


      Code (inc. data)   RO Data    RW Data    ZI Data      Debug   

     21588        414        776         12       2188     228081   Grand Totals
     21588        414        776         12       2188     228081   ELF Image Totals
     21588        414        776         12          0          0   ROM Totals

==============================================================================

    Total RO  Size (Code + RO Data)                22364 (  21.84kB)
    Total RW  Size (RW Data + ZI Data)              2200 (   2.15kB)
    Total ROM Size (Code + RO Data + RW Data)      22376 (  21.85kB)

==============================================================================

